<html>
<body>
<pre>
<h1>µVision Build Log</h1>
<h2>Tool Versions:</h2>
IDE-Version: ¦ÌVision V5.25.3.0
Copyright (C) 2018 ARM Ltd and ARM Germany GmbH. All rights reserved.
License Information: 1 1, 1, LIC=JDA0P-MNPJM-BX2UY-IUJ1A-TA5N7-8TDRT
 
Tool Versions:
Toolchain:       MDK-ARM Professional  Version: 5.36.0.0
Toolchain Path:  D:\mdk\ARM\ARMCC\Bin
C Compiler:      Armcc.exe V5.06 update 7 (build 960)
Assembler:       Armasm.exe V5.06 update 7 (build 960)
Linker/Locator:  ArmLink.exe V5.06 update 7 (build 960)
Library Manager: ArmAr.exe V5.06 update 7 (build 960)
Hex Converter:   FromElf.exe V5.06 update 7 (build 960)
CPU DLL:         SARMCM3.DLL V5.36.0.0
Dialog DLL:      DCM.DLL V1.17.3.0
Target DLL:      STLink\ST-LINKIII-KEIL_SWO.dll V3.0.9.0
Dialog DLL:      TCM.DLL V1.53.0.0
 
<h2>Project:</h2>
C:\Users\User\Desktop\attitude_mcu_103_v0.4\MDK-ARM\attitude_mcu_103.uvprojx
Project File Date:  04/20/2023

<h2>Output:</h2>
*** Using Compiler 'V5.06 update 7 (build 960)', folder: 'D:\mdk\ARM\ARMCC\Bin'
Rebuild target 'attitude_mcu_103'
assembling startup_stm32f103xb.s...
compiling main.c...
compiling gpio.c...
compiling i2c.c...
compiling dma.c...
compiling can.c...
compiling usart.c...
compiling tim.c...
compiling stm32f1xx_hal_msp.c...
compiling spi.c...
compiling stm32f1xx_it.c...
compiling stm32f1xx_hal_gpio_ex.c...
compiling stm32f1xx_hal.c...
compiling stm32f1xx_hal_rcc_ex.c...
compiling stm32f1xx_hal_gpio.c...
compiling stm32f1xx_hal_cortex.c...
compiling stm32f1xx_hal_rcc.c...
compiling stm32f1xx_hal_dma.c...
compiling stm32f1xx_hal_can.c...
compiling stm32f1xx_hal_pwr.c...
compiling stm32f1xx_hal_exti.c...
compiling stm32f1xx_hal_flash.c...
compiling stm32f1xx_hal_flash_ex.c...
compiling MahonyAHRS.c...
compiling stm32f1xx_hal_spi.c...
compiling system_stm32f1xx.c...
compiling pid.c...
compiling stm32f1xx_hal_tim_ex.c...
compiling INS_task.c...
compiling stm32f1xx_hal_i2c.c...
compiling stm32f1xx_hal_uart.c...
compiling user_lib.c...
compiling BMI088driver.c...
compiling stm32f1xx_hal_tim.c...
compiling BMI088Middleware.c...
compiling ist8310driver.c...
compiling ist8310driver_middleware.c...
compiling dwt.c...
compiling bsp_spi.c...
linking...
Program Size: Code=22594 RO-data=338 RW-data=172 ZI-data=2340  
FromELF: creating hex file...
"attitude_mcu_103\attitude_mcu_103.axf" - 0 Error(s), 0 Warning(s).

<h2>Software Packages used:</h2>

Package Vendor: ARM
                http://www.keil.com/pack/ARM.CMSIS.5.8.0.pack
                ARM.CMSIS.5.8.0
                CMSIS (Common Microcontroller Software Interface Standard)
   * Component: CORE Version: 5.5.0

Package Vendor: Keil
                http://www.keil.com/pack/Keil.STM32F1xx_DFP.2.3.0.pack
                Keil.STM32F1xx_DFP.2.3.0
                STMicroelectronics STM32F1 Series Device Support, Drivers and Examples

<h2>Collection of Component include folders:</h2>
  .\RTE\_attitude_mcu_103
  D:\mdk\Packs\ARM\CMSIS\5.8.0\CMSIS\Core\Include
  D:\mdk\Packs\Keil\STM32F1xx_DFP\2.3.0\Device\Include

<h2>Collection of Component Files used:</h2>

   * Component: ARM::CMSIS:CORE:5.5.0
Build Time Elapsed:  00:00:13
</pre>
</body>
</html>
