Component: ARM Compiler 5.06 update 7 (build 960) Tool: armlink [4d3601]

==============================================================================

Section Cross References

    startup_stm32f103xb.o(STACK) refers (Special) to heapauxi.o(.text) for __use_two_region_memory
    startup_stm32f103xb.o(HEAP) refers (Special) to heapauxi.o(.text) for __use_two_region_memory
    startup_stm32f103xb.o(RESET) refers (Special) to heapauxi.o(.text) for __use_two_region_memory
    startup_stm32f103xb.o(RESET) refers to startup_stm32f103xb.o(STACK) for __initial_sp
    startup_stm32f103xb.o(RESET) refers to startup_stm32f103xb.o(.text) for Reset_Handler
    startup_stm32f103xb.o(RESET) refers to stm32f1xx_it.o(i.NMI_Handler) for NMI_Handler
    startup_stm32f103xb.o(RESET) refers to stm32f1xx_it.o(i.HardFault_Handler) for HardFault_Handler
    startup_stm32f103xb.o(RESET) refers to stm32f1xx_it.o(i.MemManage_Handler) for MemManage_Handler
    startup_stm32f103xb.o(RESET) refers to stm32f1xx_it.o(i.BusFault_Handler) for BusFault_Handler
    startup_stm32f103xb.o(RESET) refers to stm32f1xx_it.o(i.UsageFault_Handler) for UsageFault_Handler
    startup_stm32f103xb.o(RESET) refers to stm32f1xx_it.o(i.SVC_Handler) for SVC_Handler
    startup_stm32f103xb.o(RESET) refers to stm32f1xx_it.o(i.DebugMon_Handler) for DebugMon_Handler
    startup_stm32f103xb.o(RESET) refers to stm32f1xx_it.o(i.PendSV_Handler) for PendSV_Handler
    startup_stm32f103xb.o(RESET) refers to stm32f1xx_it.o(i.SysTick_Handler) for SysTick_Handler
    startup_stm32f103xb.o(RESET) refers to stm32f1xx_it.o(i.EXTI1_IRQHandler) for EXTI1_IRQHandler
    startup_stm32f103xb.o(RESET) refers to stm32f1xx_it.o(i.EXTI3_IRQHandler) for EXTI3_IRQHandler
    startup_stm32f103xb.o(RESET) refers to stm32f1xx_it.o(i.EXTI4_IRQHandler) for EXTI4_IRQHandler
    startup_stm32f103xb.o(RESET) refers to ins_task.o(i.DMA1_Channel2_IRQHandler) for DMA1_Channel2_IRQHandler
    startup_stm32f103xb.o(RESET) refers to stm32f1xx_it.o(i.USB_LP_CAN1_RX0_IRQHandler) for USB_LP_CAN1_RX0_IRQHandler
    startup_stm32f103xb.o(RESET) refers to stm32f1xx_it.o(i.EXTI15_10_IRQHandler) for EXTI15_10_IRQHandler
    startup_stm32f103xb.o(.text) refers (Special) to heapauxi.o(.text) for __use_two_region_memory
    startup_stm32f103xb.o(.text) refers to system_stm32f1xx.o(i.SystemInit) for SystemInit
    startup_stm32f103xb.o(.text) refers to __main.o(!!!main) for __main
    startup_stm32f103xb.o(.text) refers to startup_stm32f103xb.o(HEAP) for Heap_Mem
    startup_stm32f103xb.o(.text) refers to startup_stm32f103xb.o(STACK) for Stack_Mem
    main.o(i.SystemClock_Config) refers to rt_memclr_w.o(.text) for __aeabi_memclr4
    main.o(i.SystemClock_Config) refers to stm32f1xx_hal_rcc.o(i.HAL_RCC_OscConfig) for HAL_RCC_OscConfig
    main.o(i.SystemClock_Config) refers to stm32f1xx_hal_rcc.o(i.HAL_RCC_ClockConfig) for HAL_RCC_ClockConfig
    main.o(i.main) refers to stm32f1xx_hal.o(i.HAL_Init) for HAL_Init
    main.o(i.main) refers to main.o(i.SystemClock_Config) for SystemClock_Config
    main.o(i.main) refers to gpio.o(i.MX_GPIO_Init) for MX_GPIO_Init
    main.o(i.main) refers to dma.o(i.MX_DMA_Init) for MX_DMA_Init
    main.o(i.main) refers to spi.o(i.MX_SPI1_Init) for MX_SPI1_Init
    main.o(i.main) refers to i2c.o(i.MX_I2C2_Init) for MX_I2C2_Init
    main.o(i.main) refers to tim.o(i.MX_TIM3_Init) for MX_TIM3_Init
    main.o(i.main) refers to usart.o(i.MX_USART1_UART_Init) for MX_USART1_UART_Init
    main.o(i.main) refers to can.o(i.MX_CAN_Init) for MX_CAN_Init
    main.o(i.main) refers to dwt.o(i.DWT_INIT) for DWT_INIT
    main.o(i.main) refers to ins_task.o(i.INS_init) for INS_init
    main.o(i.main) refers to ins_task.o(i.INS_task) for INS_task
    gpio.o(i.MX_GPIO_Init) refers to stm32f1xx_hal_gpio.o(i.HAL_GPIO_WritePin) for HAL_GPIO_WritePin
    gpio.o(i.MX_GPIO_Init) refers to stm32f1xx_hal_gpio.o(i.HAL_GPIO_Init) for HAL_GPIO_Init
    gpio.o(i.MX_GPIO_Init) refers to stm32f1xx_hal_cortex.o(i.HAL_NVIC_SetPriority) for HAL_NVIC_SetPriority
    gpio.o(i.MX_GPIO_Init) refers to stm32f1xx_hal_cortex.o(i.HAL_NVIC_EnableIRQ) for HAL_NVIC_EnableIRQ
    can.o(i.CAN_senddata) refers to stm32f1xx_hal_can.o(i.HAL_CAN_AddTxMessage) for HAL_CAN_AddTxMessage
    can.o(i.CAN_senddata) refers to can.o(.bss) for .bss
    can.o(i.HAL_CAN_MspDeInit) refers to stm32f1xx_hal_gpio.o(i.HAL_GPIO_DeInit) for HAL_GPIO_DeInit
    can.o(i.HAL_CAN_MspDeInit) refers to stm32f1xx_hal_cortex.o(i.HAL_NVIC_DisableIRQ) for HAL_NVIC_DisableIRQ
    can.o(i.HAL_CAN_MspInit) refers to stm32f1xx_hal_gpio.o(i.HAL_GPIO_Init) for HAL_GPIO_Init
    can.o(i.HAL_CAN_MspInit) refers to stm32f1xx_hal_cortex.o(i.HAL_NVIC_SetPriority) for HAL_NVIC_SetPriority
    can.o(i.HAL_CAN_MspInit) refers to stm32f1xx_hal_cortex.o(i.HAL_NVIC_EnableIRQ) for HAL_NVIC_EnableIRQ
    can.o(i.MX_CAN_Init) refers to stm32f1xx_hal_can.o(i.HAL_CAN_Init) for HAL_CAN_Init
    can.o(i.MX_CAN_Init) refers to main.o(i.Error_Handler) for Error_Handler
[...]
    i.I2C_WaitOnFlagUntilTimeout             0x080027a8   Section        0  stm32f1xx_hal_i2c.o(i.I2C_WaitOnFlagUntilTimeout)
    I2C_WaitOnFlagUntilTimeout               0x080027a9   Thumb Code   104  stm32f1xx_hal_i2c.o(i.I2C_WaitOnFlagUntilTimeout)
    i.I2C_WaitOnMasterAddressFlagUntilTimeout 0x08002810   Section        0  stm32f1xx_hal_i2c.o(i.I2C_WaitOnMasterAddressFlagUntilTimeout)
    I2C_WaitOnMasterAddressFlagUntilTimeout  0x08002811   Thumb Code   150  stm32f1xx_hal_i2c.o(i.I2C_WaitOnMasterAddressFlagUntilTimeout)
    i.I2C_WaitOnRXNEFlagUntilTimeout         0x080028a6   Section        0  stm32f1xx_hal_i2c.o(i.I2C_WaitOnRXNEFlagUntilTimeout)
    I2C_WaitOnRXNEFlagUntilTimeout           0x080028a7   Thumb Code   102  stm32f1xx_hal_i2c.o(i.I2C_WaitOnRXNEFlagUntilTimeout)
    i.I2C_WaitOnTXEFlagUntilTimeout          0x0800290c   Section        0  stm32f1xx_hal_i2c.o(i.I2C_WaitOnTXEFlagUntilTimeout)
    I2C_WaitOnTXEFlagUntilTimeout            0x0800290d   Thumb Code    76  stm32f1xx_hal_i2c.o(i.I2C_WaitOnTXEFlagUntilTimeout)
    i.INS_init                               0x08002958   Section        0  ins_task.o(i.INS_init)
    i.INS_task                               0x080029e8   Section        0  ins_task.o(i.INS_task)
    i.MX_CAN_Init                            0x08002adc   Section        0  can.o(i.MX_CAN_Init)
    i.MX_DMA_Init                            0x08002b60   Section        0  dma.o(i.MX_DMA_Init)
    i.MX_GPIO_Init                           0x08002b9c   Section        0  gpio.o(i.MX_GPIO_Init)
    i.MX_I2C2_Init                           0x08002c9c   Section        0  i2c.o(i.MX_I2C2_Init)
    i.MX_SPI1_Init                           0x08002cdc   Section        0  spi.o(i.MX_SPI1_Init)
    i.MX_TIM3_Init                           0x08002d24   Section        0  tim.o(i.MX_TIM3_Init)
    i.MX_USART1_UART_Init                    0x08002d94   Section        0  usart.o(i.MX_USART1_UART_Init)
    i.MahonyAHRSupdate                       0x08002dcc   Section        0  mahonyahrs.o(i.MahonyAHRSupdate)
    i.MahonyAHRSupdateIMU                    0x08003354   Section        0  mahonyahrs.o(i.MahonyAHRSupdateIMU)
    i.MemManage_Handler                      0x0800368c   Section        0  stm32f1xx_it.o(i.MemManage_Handler)
    i.NMI_Handler                            0x0800368e   Section        0  stm32f1xx_it.o(i.NMI_Handler)
    i.PID_calc                               0x08003690   Section        0  pid.o(i.PID_calc)
    i.PID_init                               0x080037a8   Section        0  pid.o(i.PID_init)
    i.PendSV_Handler                         0x080037e0   Section        0  stm32f1xx_it.o(i.PendSV_Handler)
    i.SPI1_DMA_enable                        0x080037e4   Section        0  bsp_spi.o(i.SPI1_DMA_enable)
    i.SPI1_DMA_init                          0x08003acc   Section        0  bsp_spi.o(i.SPI1_DMA_init)
    i.SPI_EndRxTxTransaction                 0x08003b5c   Section        0  stm32f1xx_hal_spi.o(i.SPI_EndRxTxTransaction)
    SPI_EndRxTxTransaction                   0x08003b5d   Thumb Code    32  stm32f1xx_hal_spi.o(i.SPI_EndRxTxTransaction)
    i.SPI_WaitFlagStateUntilTimeout          0x08003b7c   Section        0  stm32f1xx_hal_spi.o(i.SPI_WaitFlagStateUntilTimeout)
    SPI_WaitFlagStateUntilTimeout            0x08003b7d   Thumb Code   180  stm32f1xx_hal_spi.o(i.SPI_WaitFlagStateUntilTimeout)
    i.SVC_Handler                            0x08003c34   Section        0  stm32f1xx_it.o(i.SVC_Handler)
    i.SysTick_Handler                        0x08003c36   Section        0  stm32f1xx_it.o(i.SysTick_Handler)
    i.SystemClock_Config                     0x08003c3a   Section        0  main.o(i.SystemClock_Config)
    i.SystemInit                             0x08003c98   Section        0  system_stm32f1xx.o(i.SystemInit)
    i.TIM_Base_SetConfig                     0x08003c9c   Section        0  stm32f1xx_hal_tim.o(i.TIM_Base_SetConfig)
    i.TIM_CCxChannelCmd                      0x08003d08   Section        0  stm32f1xx_hal_tim.o(i.TIM_CCxChannelCmd)
    i.TIM_OC1_SetConfig                      0x08003d24   Section        0  stm32f1xx_hal_tim.o(i.TIM_OC1_SetConfig)
    TIM_OC1_SetConfig                        0x08003d25   Thumb Code    74  stm32f1xx_hal_tim.o(i.TIM_OC1_SetConfig)
    i.TIM_OC2_SetConfig                      0x08003d74   Section        0  stm32f1xx_hal_tim.o(i.TIM_OC2_SetConfig)
    i.TIM_OC3_SetConfig                      0x08003dcc   Section        0  stm32f1xx_hal_tim.o(i.TIM_OC3_SetConfig)
    TIM_OC3_SetConfig                        0x08003dcd   Thumb Code    82  stm32f1xx_hal_tim.o(i.TIM_OC3_SetConfig)
    i.TIM_OC4_SetConfig                      0x08003e24   Section        0  stm32f1xx_hal_tim.o(i.TIM_OC4_SetConfig)
    TIM_OC4_SetConfig                        0x08003e25   Thumb Code    64  stm32f1xx_hal_tim.o(i.TIM_OC4_SetConfig)
    i.UART_SetConfig                         0x08003e68   Section        0  stm32f1xx_hal_uart.o(i.UART_SetConfig)
    UART_SetConfig                           0x08003e69   Thumb Code   178  stm32f1xx_hal_uart.o(i.UART_SetConfig)
    i.UART_WaitOnFlagUntilTimeout            0x08003f20   Section        0  stm32f1xx_hal_uart.o(i.UART_WaitOnFlagUntilTimeout)
    UART_WaitOnFlagUntilTimeout              0x08003f21   Thumb Code   100  stm32f1xx_hal_uart.o(i.UART_WaitOnFlagUntilTimeout)
    i.USB_LP_CAN1_RX0_IRQHandler             0x08003f84   Section        0  stm32f1xx_it.o(i.USB_LP_CAN1_RX0_IRQHandler)
    i.UsageFault_Handler                     0x08003f90   Section        0  stm32f1xx_it.o(i.UsageFault_Handler)
    i.__ARM_fpclassifyf                      0x08003f92   Section        0  fpclassifyf.o(i.__ARM_fpclassifyf)
    i.__NVIC_SetPriority                     0x08003fb8   Section        0  stm32f1xx_hal_cortex.o(i.__NVIC_SetPriority)
    __NVIC_SetPriority                       0x08003fb9   Thumb Code    32  stm32f1xx_hal_cortex.o(i.__NVIC_SetPriority)
    i.__mathlib_flt_infnan                   0x08003fd8   Section        0  funder.o(i.__mathlib_flt_infnan)
    i.__mathlib_flt_infnan2                  0x08003fde   Section        0  funder.o(i.__mathlib_flt_infnan2)
    i.__mathlib_flt_invalid                  0x08003fe2   Section        0  funder.o(i.__mathlib_flt_invalid)
    i.__mathlib_flt_underflow                0x08003fea   Section        0  funder.o(i.__mathlib_flt_underflow)
    i.asinf                                  0x08003ff4   Section        0  asinf.o(i.asinf)
    i.atan2f                                 0x08004118   Section        0  atan2f.o(i.atan2f)
    i.bmi088_accel_init                      0x080043bc   Section        0  bmi088driver.o(i.bmi088_accel_init)
    i.bmi088_accel_self_test                 0x080044e4   Section        0  bmi088driver.o(i.bmi088_accel_self_test)
    i.bmi088_gyro_init                       0x080047a4   Section        0  bmi088driver.o(i.bmi088_gyro_init)
    i.bmi088_gyro_self_test                  0x08004880   Section        0  bmi088driver.o(i.bmi088_gyro_self_test)
    i.get_angle                              0x0800494c   Section        0  ins_task.o(i.get_angle)
    i.imu_cmd_spi_dma                        0x08004a44   Section        0  ins_task.o(i.imu_cmd_spi_dma)
    imu_cmd_spi_dma                          0x08004a45   Thumb Code   230  ins_task.o(i.imu_cmd_spi_dma)
    i.invSqrt                                0x08004b3c   Section        0  mahonyahrs.o(i.invSqrt)
    i.ist8310_GPIO_init                      0x08004b70   Section        0  ist8310driver_middleware.o(i.ist8310_GPIO_init)
    i.ist8310_IIC_read_muli_reg              0x08004b74   Section        0  ist8310driver_middleware.o(i.ist8310_IIC_read_muli_reg)
    i.ist8310_IIC_read_single_reg            0x08004b90   Section        0  ist8310driver_middleware.o(i.ist8310_IIC_read_single_reg)
    i.ist8310_IIC_write_single_reg           0x08004bbc   Section        0  ist8310driver_middleware.o(i.ist8310_IIC_write_single_reg)
    i.ist8310_RST_H                          0x08004be0   Section        0  ist8310driver_middleware.o(i.ist8310_RST_H)
    i.ist8310_RST_L                          0x08004bf0   Section        0  ist8310driver_middleware.o(i.ist8310_RST_L)
    i.ist8310_com_init                       0x08004c00   Section        0  ist8310driver_middleware.o(i.ist8310_com_init)
    i.ist8310_delay_ms                       0x08004c02   Section        0  ist8310driver_middleware.o(i.ist8310_delay_ms)
    i.ist8310_delay_us                       0x08004c06   Section        0  ist8310driver_middleware.o(i.ist8310_delay_us)
    i.ist8310_init                           0x08004c38   Section        0  ist8310driver.o(i.ist8310_init)
    i.ist8310_mag_cal                        0x08004cb0   Section        0  ist8310driver.o(i.ist8310_mag_cal)
    i.ist8310_read_mag                       0x08004d04   Section        0  ist8310driver.o(i.ist8310_read_mag)
    i.main                                   0x08004d80   Section        0  main.o(i.main)
    i.send_angle_can                         0x08004dbc   Section        0  ins_task.o(i.send_angle_can)
    i.sqrt                                   0x08004e68   Section        0  sqrt.o(i.sqrt)
    i.sqrtf                                  0x08004eb4   Section        0  sqrtf.o(i.sqrtf)
    x$fpl$d2f                                0x08004ee0   Section       98  d2f.o(x$fpl$d2f)
    x$fpl$dnaninf                            0x08004f42   Section      156  dnaninf.o(x$fpl$dnaninf)
    x$fpl$dretinf                            0x08004fde   Section       12  dretinf.o(x$fpl$dretinf)
    x$fpl$dsqrt                              0x08004fec   Section      460  dsqrt_noumaal.o(x$fpl$dsqrt)
    x$fpl$f2d                                0x080051b8   Section       86  f2d.o(x$fpl$f2d)
    x$fpl$fadd                               0x08005210   Section      196  faddsub_clz.o(x$fpl$fadd)
    _fadd1                                   0x0800521f   Thumb Code     0  faddsub_clz.o(x$fpl$fadd)
    x$fpl$fcheck1                            0x080052d4   Section       12  fcheck1.o(x$fpl$fcheck1)
    x$fpl$fcmpinf                            0x080052e0   Section       24  fcmpi.o(x$fpl$fcmpinf)
    x$fpl$fdiv                               0x080052f8   Section      388  fdiv.o(x$fpl$fdiv)
    _fdiv1                                   0x080052f9   Thumb Code     0  fdiv.o(x$fpl$fdiv)
    x$fpl$ffix                               0x0800547c   Section       54  ffix.o(x$fpl$ffix)
    x$fpl$ffixu                              0x080054b4   Section       62  ffixu.o(x$fpl$ffixu)
    x$fpl$fflt                               0x080054f4   Section       48  fflt_clz.o(x$fpl$fflt)
    x$fpl$ffltu                              0x08005524   Section       38  fflt_clz.o(x$fpl$ffltu)
    x$fpl$fleqf                              0x0800554c   Section      104  fleqf.o(x$fpl$fleqf)
    x$fpl$fmul                               0x080055b4   Section      258  fmul.o(x$fpl$fmul)
    x$fpl$fnaninf                            0x080056b6   Section      140  fnaninf.o(x$fpl$fnaninf)
    x$fpl$fretinf                            0x08005742   Section       10  fretinf.o(x$fpl$fretinf)
    x$fpl$frleqf                             0x0800574c   Section       98  frleqf.o(x$fpl$frleqf)
    x$fpl$frsb                               0x080057ae   Section       20  faddsub_clz.o(x$fpl$frsb)
    x$fpl$fsqrt                              0x080057c4   Section      272  fsqrt.o(x$fpl$fsqrt)
    x$fpl$fsub                               0x080058d4   Section      234  faddsub_clz.o(x$fpl$fsub)
    _fsub1                                   0x080058e3   Thumb Code     0  faddsub_clz.o(x$fpl$fsub)
    x$fpl$retnan                             0x080059be   Section      100  retnan.o(x$fpl$retnan)
    x$fpl$scalbnf                            0x08005a22   Section       76  scalbnf.o(x$fpl$scalbnf)
    x$fpl$trapveneer                         0x08005a6e   Section       48  trapv.o(x$fpl$trapveneer)
    .constdata                               0x08005a9e   Section       16  system_stm32f1xx.o(.constdata)
    x$fpl$usenofp                            0x08005a9e   Section        0  usenofp.o(x$fpl$usenofp)
    .constdata                               0x08005aae   Section        8  system_stm32f1xx.o(.constdata)
    .constdata                               0x08005ab8   Section       12  ins_task.o(.constdata)
    imu_temp_PID                             0x08005ab8   Data          12  ins_task.o(.constdata)
    .constdata                               0x08005ac4   Section       18  bmi088driver.o(.constdata)
    write_BMI088_ACCEL_self_test_Reg_Data_Error 0x08005ac4   Data          18  bmi088driver.o(.constdata)
    .constdata                               0x08005ad6   Section       12  ist8310driver.o(.constdata)
    ist8310_write_reg_data_error             0x08005ad6   Data          12  ist8310driver.o(.constdata)
    .data                                    0x20000000   Section       12  stm32f1xx_hal.o(.data)
    .data                                    0x2000000c   Section        4  system_stm32f1xx.o(.data)
    .data                                    0x20000010   Section       61  ins_task.o(.data)
    can_tx_flag                              0x20000016   Data           1  ins_task.o(.data)
    .data                                    0x20000050   Section       20  mahonyahrs.o(.data)
    .data                                    0x20000064   Section       56  bmi088driver.o(.data)
    write_BMI088_accel_reg_data_error        0x20000078   Data          18  bmi088driver.o(.data)
    write_BMI088_gyro_reg_data_error         0x2000008a   Data          18  bmi088driver.o(.data)
    .data                                    0x2000009c   Section       12  ist8310driver.o(.data)
    .data                                    0x200000a8   Section        4  dwt.o(.data)
    SYSCLK                                   0x200000a8   Data           4  dwt.o(.data)
    .bss                                     0x200000ac   Section       64  can.o(.bss)
    .bss                                     0x200000ec   Section       84  i2c.o(.bss)
    .bss                                     0x20000140   Section      224  spi.o(.bss)
    .bss                                     0x20000220   Section       72  tim.o(.bss)
    .bss                                     0x20000268   Section       68  usart.o(.bss)
    .bss                                     0x200002ac   Section      192  ins_task.o(.bss)
    imu_temp_pid                             0x20000308   Data          72  ins_task.o(.bss)
    .bss                                     0x2000036c   Section       96  libspace.o(.bss)
    HEAP                                     0x200003d0   Section      512  startup_stm32f103xb.o(HEAP)
    Heap_Mem                                 0x200003d0   Data         512  startup_stm32f103xb.o(HEAP)
    STACK                                    0x200005d0   Section     1024  startup_stm32f103xb.o(STACK)
    Stack_Mem                                0x200005d0   Data        1024  startup_stm32f103xb.o(STACK)
    __initial_sp                             0x200009d0   Data           0  startup_stm32f103xb.o(STACK)

    Global Symbols

    Symbol Name                              Value     Ov Type        Size  Object(Section)

    BuildAttributes$$THM_ISAv4$P$D$K$B$S$PE$A:L22UL41UL21$X:L11$S22US41US21$IEEE1$IW$USESV6$~STKCKD$USESV7$~SHL$OTIME$ROPI$IEEEX$EBA8$UX$STANDARDLIB$REQ8$PRES8$EABIv2 0x00000000   Number         0  anon$$obj.o ABSOLUTE
    __ARM_use_no_argv                        0x00000000   Number         0  main.o ABSOLUTE
    __ARM_exceptions_init                     - Undefined Weak Reference
    __alloca_initialize                       - Undefined Weak Reference
    __arm_fini_                               - Undefined Weak Reference
    __arm_preinit_                            - Undefined Weak Reference
    __cpp_initialize__aeabi_                  - Undefined Weak Reference
    __cxa_finalize                            - Undefined Weak Reference
    __rt_locale                               - Undefined Weak Reference
    __sigvec_lookup                           - Undefined Weak Reference
    _atexit_init                              - Undefined Weak Reference
    _call_atexit_fns                          - Undefined Weak Reference
    _clock_init                               - Undefined Weak Reference
    _fp_trap_init                             - Undefined Weak Reference
    _fp_trap_shutdown                         - Undefined Weak Reference
    _get_lc_collate                           - Undefined Weak Reference
    _get_lc_ctype                             - Undefined Weak Reference
    _get_lc_monetary                          - Undefined Weak Reference
    _get_lc_numeric                           - Undefined Weak Reference
    _get_lc_time                              - Undefined Weak Reference
    _getenv_init                              - Undefined Weak Reference
    _handle_redirection                       - Undefined Weak Reference
    _init_alloc                               - Undefined Weak Reference
    _init_user_alloc                          - Undefined Weak Reference
    _initio                                   - Undefined Weak Reference
    _rand_init                                - Undefined Weak Reference
    _signal_finish                            - Undefined Weak Reference
    _signal_init                              - Undefined Weak Reference
    _terminate_alloc                          - Undefined Weak Reference
    _terminate_user_alloc                     - Undefined Weak Reference
    _terminateio                              - Undefined Weak Reference
    __Vectors_Size                           0x000000ec   Number         0  startup_stm32f103xb.o ABSOLUTE
    __Vectors                                0x08000000   Data           4  startup_stm32f103xb.o(RESET)
    __Vectors_End                            0x080000ec   Data           0  startup_stm32f103xb.o(RESET)
    __main                                   0x080000ed   Thumb Code     8  __main.o(!!!main)
    __scatterload                            0x080000f5   Thumb Code     0  __scatter.o(!!!scatter)
    __scatterload_rt2                        0x080000f5   Thumb Code    44  __scatter.o(!!!scatter)
    __scatterload_rt2_thumb_only             0x080000f5   Thumb Code     0  __scatter.o(!!!scatter)
    __scatterload_null                       0x08000103   Thumb Code     0  __scatter.o(!!!scatter)
    __scatterload_copy                       0x08000129   Thumb Code    26  __scatter_copy.o(!!handler_copy)
    __scatterload_zeroinit                   0x08000145   Thumb Code    28  __scatter_zi.o(!!handler_zi)
    __rt_lib_init                            0x08000161   Thumb Code     0  libinit.o(.ARM.Collect$$libinit$$00000000)
    __rt_lib_init_alloca_1                   0x08000163   Thumb Code     0  libinit2.o(.ARM.Collect$$libinit$$0000002E)
    __rt_lib_init_argv_1                     0x08000163   Thumb Code     0  libinit2.o(.ARM.Collect$$libinit$$0000002C)
    __rt_lib_init_atexit_1                   0x08000163   Thumb Code     0  libinit2.o(.ARM.Collect$$libinit$$0000001B)
    __rt_lib_init_clock_1                    0x08000163   Thumb Code     0  libinit2.o(.ARM.Collect$$libinit$$00000021)
    __rt_lib_init_cpp_1                      0x08000163   Thumb Code     0  libinit2.o(.ARM.Collect$$libinit$$00000032)
    __rt_lib_init_exceptions_1               0x08000163   Thumb Code     0  libinit2.o(.ARM.Collect$$libinit$$00000030)
    __rt_lib_init_fp_1                       0x08000163   Thumb Code     0  libinit2.o(.ARM.Collect$$libinit$$00000002)
    __rt_lib_init_fp_trap_1                  0x08000163   Thumb Code     0  libinit2.o(.ARM.Collect$$libinit$$0000001F)
    __rt_lib_init_getenv_1                   0x08000163   Thumb Code     0  libinit2.o(.ARM.Collect$$libinit$$00000023)
    __rt_lib_init_heap_1                     0x08000163   Thumb Code     0  libinit2.o(.ARM.Collect$$libinit$$0000000A)
    __rt_lib_init_lc_collate_1               0x08000163   Thumb Code     0  libinit2.o(.ARM.Collect$$libinit$$00000011)
    __rt_lib_init_lc_ctype_1                 0x08000163   Thumb Code     0  libinit2.o(.ARM.Collect$$libinit$$00000013)
    __rt_lib_init_lc_monetary_1              0x08000163   Thumb Code     0  libinit2.o(.ARM.Collect$$libinit$$00000015)
    __rt_lib_init_lc_numeric_1               0x08000163   Thumb Code     0  libinit2.o(.ARM.Collect$$libinit$$00000017)
    __rt_lib_init_lc_time_1                  0x08000163   Thumb Code     0  libinit2.o(.ARM.Collect$$libinit$$00000019)
    __rt_lib_init_preinit_1                  0x08000163   Thumb Code     0  libinit2.o(.ARM.Collect$$libinit$$00000004)
    __rt_lib_init_rand_1                     0x08000163   Thumb Code     0  libinit2.o(.ARM.Collect$$libinit$$0000000E)
    __rt_lib_init_return                     0x08000163   Thumb Code     0  libinit2.o(.ARM.Collect$$libinit$$00000033)
    __rt_lib_init_signal_1                   0x08000163   Thumb Code     0  libinit2.o(.ARM.Collect$$libinit$$0000001D)
    __rt_lib_init_stdio_1                    0x08000163   Thumb Code     0  libinit2.o(.ARM.Collect$$libinit$$00000025)
    __rt_lib_init_user_alloc_1               0x08000163   Thumb Code     0  libinit2.o(.ARM.Collect$$libinit$$0000000C)
    __rt_lib_shutdown                        0x08000165   Thumb Code     0  libshutdown.o(.ARM.Collect$$libshutdown$$00000000)
    __rt_lib_shutdown_cpp_1                  0x08000167   Thumb Code     0  libshutdown2.o(.ARM.Collect$$libshutdown$$00000004)
    __rt_lib_shutdown_fini_1                 0x08000167   Thumb Code     0  libshutdown2.o(.ARM.Collect$$libshutdown$$00000002)
    __rt_lib_shutdown_fp_trap_1              0x08000167   Thumb Code     0  libshutdown2.o(.ARM.Collect$$libshutdown$$00000009)
    __rt_lib_shutdown_heap_1                 0x08000167   Thumb Code     0  libshutdown2.o(.ARM.Collect$$libshutdown$$00000011)
    __rt_lib_shutdown_return                 0x08000167   Thumb Code     0  libshutdown2.o(.ARM.Collect$$libshutdown$$00000012)
    __rt_lib_shutdown_signal_1               0x08000167   Thumb Code     0  libshutdown2.o(.ARM.Collect$$libshutdown$$0000000C)
    __rt_lib_shutdown_stdio_1                0x08000167   Thumb Code     0  libshutdown2.o(.ARM.Collect$$libshutdown$$00000006)
    __rt_lib_shutdown_user_alloc_1           0x08000167   Thumb Code     0  libshutdown2.o(.ARM.Collect$$libshutdown$$0000000E)
    __rt_entry                               0x08000169   Thumb Code     0  __rtentry.o(.ARM.Collect$$rtentry$$00000000)
    __rt_entry_presh_1                       0x08000169   Thumb Code     0  __rtentry2.o(.ARM.Collect$$rtentry$$00000002)
    __rt_entry_sh                            0x08000169   Thumb Code     0  __rtentry4.o(.ARM.Collect$$rtentry$$00000004)
    __rt_entry_li                            0x0800016f   Thumb Code     0  __rtentry2.o(.ARM.Collect$$rtentry$$0000000A)
    __rt_entry_postsh_1                      0x0800016f   Thumb Code     0  __rtentry2.o(.ARM.Collect$$rtentry$$00000009)
    __rt_entry_main                          0x08000173   Thumb Code     0  __rtentry2.o(.ARM.Collect$$rtentry$$0000000D)
    __rt_entry_postli_1                      0x08000173   Thumb Code     0  __rtentry2.o(.ARM.Collect$$rtentry$$0000000C)
    __rt_exit                                0x0800017b   Thumb Code     0  rtexit.o(.ARM.Collect$$rtexit$$00000000)
    __rt_exit_ls                             0x0800017d   Thumb Code     0  rtexit2.o(.ARM.Collect$$rtexit$$00000003)
    __rt_exit_prels_1                        0x0800017d   Thumb Code     0  rtexit2.o(.ARM.Collect$$rtexit$$00000002)
    __rt_exit_exit                           0x08000181   Thumb Code     0  rtexit2.o(.ARM.Collect$$rtexit$$00000004)
    Reset_Handler                            0x08000189   Thumb Code     8  startup_stm32f103xb.o(.text)
    ADC1_2_IRQHandler                        0x080001a3   Thumb Code     0  startup_stm32f103xb.o(.text)
    CAN1_RX1_IRQHandler                      0x080001a3   Thumb Code     0  startup_stm32f103xb.o(.text)
    CAN1_SCE_IRQHandler                      0x080001a3   Thumb Code     0  startup_stm32f103xb.o(.text)
    DMA1_Channel1_IRQHandler                 0x080001a3   Thumb Code     0  startup_stm32f103xb.o(.text)
    DMA1_Channel3_IRQHandler                 0x080001a3   Thumb Code     0  startup_stm32f103xb.o(.text)
    DMA1_Channel4_IRQHandler                 0x080001a3   Thumb Code     0  startup_stm32f103xb.o(.text)
    DMA1_Channel5_IRQHandler                 0x080001a3   Thumb Code     0  startup_stm32f103xb.o(.text)
    DMA1_Channel6_IRQHandler                 0x080001a3   Thumb Code     0  startup_stm32f103xb.o(.text)
    DMA1_Channel7_IRQHandler                 0x080001a3   Thumb Code     0  startup_stm32f103xb.o(.text)
    EXTI0_IRQHandler                         0x080001a3   Thumb Code     0  startup_stm32f103xb.o(.text)
    EXTI2_IRQHandler                         0x080001a3   Thumb Code     0  startup_stm32f103xb.o(.text)
    EXTI9_5_IRQHandler                       0x080001a3   Thumb Code     0  startup_stm32f103xb.o(.text)
    FLASH_IRQHandler                         0x080001a3   Thumb Code     0  startup_stm32f103xb.o(.text)
    I2C1_ER_IRQHandler                       0x080001a3   Thumb Code     0  startup_stm32f103xb.o(.text)
    I2C1_EV_IRQHandler                       0x080001a3   Thumb Code     0  startup_stm32f103xb.o(.text)
    I2C2_ER_IRQHandler                       0x080001a3   Thumb Code     0  startup_stm32f103xb.o(.text)
    I2C2_EV_IRQHandler                       0x080001a3   Thumb Code     0  startup_stm32f103xb.o(.text)
    PVD_IRQHandler                           0x080001a3   Thumb Code     0  startup_stm32f103xb.o(.text)
    RCC_IRQHandler                           0x080001a3   Thumb Code     0  startup_stm32f103xb.o(.text)
    RTC_Alarm_IRQHandler                     0x080001a3   Thumb Code     0  startup_stm32f103xb.o(.text)
    RTC_IRQHandler                           0x080001a3   Thumb Code     0  startup_stm32f103xb.o(.text)
    SPI1_IRQHandler                          0x080001a3   Thumb Code     0  startup_stm32f103xb.o(.text)
    SPI2_IRQHandler                          0x080001a3   Thumb Code     0  startup_stm32f103xb.o(.text)
    TAMPER_IRQHandler                        0x080001a3   Thumb Code     0  startup_stm32f103xb.o(.text)
    TIM1_BRK_IRQHandler                      0x080001a3   Thumb Code     0  startup_stm32f103xb.o(.text)
    TIM1_CC_IRQHandler                       0x080001a3   Thumb Code     0  startup_stm32f103xb.o(.text)
    TIM1_TRG_COM_IRQHandler                  0x080001a3   Thumb Code     0  startup_stm32f103xb.o(.text)
    TIM1_UP_IRQHandler                       0x080001a3   Thumb Code     0  startup_stm32f103xb.o(.text)
    TIM2_IRQHandler                          0x080001a3   Thumb Code     0  startup_stm32f103xb.o(.text)
    TIM3_IRQHandler                          0x080001a3   Thumb Code     0  startup_stm32f103xb.o(.text)
    TIM4_IRQHandler                          0x080001a3   Thumb Code     0  startup_stm32f103xb.o(.text)
    USART1_IRQHandler                        0x080001a3   Thumb Code     0  startup_stm32f103xb.o(.text)
    USART2_IRQHandler                        0x080001a3   Thumb Code     0  startup_stm32f103xb.o(.text)
    USART3_IRQHandler                        0x080001a3   Thumb Code     0  startup_stm32f103xb.o(.text)
    USBWakeUp_IRQHandler                     0x080001a3   Thumb Code     0  startup_stm32f103xb.o(.text)
    USB_HP_CAN1_TX_IRQHandler                0x080001a3   Thumb Code     0  startup_stm32f103xb.o(.text)
    WWDG_IRQHandler                          0x080001a3   Thumb Code     0  startup_stm32f103xb.o(.text)
    __user_initial_stackheap                 0x080001a5   Thumb Code     0  startup_stm32f103xb.o(.text)
    __aeabi_memclr4                          0x080001c9   Thumb Code     0  rt_memclr_w.o(.text)
    __aeabi_memclr8                          0x080001c9   Thumb Code     0  rt_memclr_w.o(.text)
    __rt_memclr_w                            0x080001c9   Thumb Code    78  rt_memclr_w.o(.text)
    _memset_w                                0x080001cd   Thumb Code     0  rt_memclr_w.o(.text)
    __use_two_region_memory                  0x08000217   Thumb Code     2  heapauxi.o(.text)
    __rt_heap_escrow$2region                 0x08000219   Thumb Code     2  heapauxi.o(.text)
    __rt_heap_expand$2region                 0x0800021b   Thumb Code     2  heapauxi.o(.text)
    __read_errno                             0x0800021d   Thumb Code    10  _rserrno.o(.text)
    __set_errno                              0x08000227   Thumb Code    12  _rserrno.o(.text)
    __aeabi_errno_addr                       0x08000235   Thumb Code     8  rt_errno_addr_intlibspace.o(.text)
    __errno$intlibspace                      0x08000235   Thumb Code     0  rt_errno_addr_intlibspace.o(.text)
    __rt_errno_addr$intlibspace              0x08000235   Thumb Code     0  rt_errno_addr_intlibspace.o(.text)
    __user_libspace                          0x0800023d   Thumb Code     8  libspace.o(.text)
    __user_perproc_libspace                  0x0800023d   Thumb Code     0  libspace.o(.text)
    __user_perthread_libspace                0x0800023d   Thumb Code     0  libspace.o(.text)
    __user_setup_stackheap                   0x08000245   Thumb Code    74  sys_stackheap_outer.o(.text)
    exit                                     0x0800028f   Thumb Code    18  exit.o(.text)
    _sys_exit                                0x080002a1   Thumb Code     8  sys_exit.o(.text)
    __I$use$semihosting                      0x080002ad   Thumb Code     0  use_no_semi.o(.text)
    __use_no_semihosting_swi                 0x080002ad   Thumb Code     2  use_no_semi.o(.text)
    AHRS_init                                0x080002af   Thumb Code    16  ins_task.o(i.AHRS_init)
    __semihosting_library_function           0x080002af   Thumb Code     0  indicate_semi.o(.text)
    AHRS_update                              0x080002bf   Thumb Code    42  ins_task.o(i.AHRS_update)
    BMI088_ACCEL_NS_H                        0x080002e9   Thumb Code    10  bmi088middleware.o(i.BMI088_ACCEL_NS_H)
    BMI088_ACCEL_NS_L                        0x080002f9   Thumb Code    10  bmi088middleware.o(i.BMI088_ACCEL_NS_L)
    BMI088_GPIO_init                         0x08000309   Thumb Code     2  bmi088middleware.o(i.BMI088_GPIO_init)
    BMI088_GYRO_NS_H                         0x0800030d   Thumb Code    10  bmi088middleware.o(i.BMI088_GYRO_NS_H)
    BMI088_GYRO_NS_L                         0x0800031d   Thumb Code    10  bmi088middleware.o(i.BMI088_GYRO_NS_L)
    BMI088_accel_read_over                   0x0800032d   Thumb Code   134  bmi088driver.o(i.BMI088_accel_read_over)
    BMI088_com_init                          0x080003bd   Thumb Code     2  bmi088middleware.o(i.BMI088_com_init)
    BMI088_delay_ms                          0x080003bf   Thumb Code     4  bmi088middleware.o(i.BMI088_delay_ms)
    BMI088_delay_us                          0x080003c3   Thumb Code    48  bmi088middleware.o(i.BMI088_delay_us)
    BMI088_gyro_read_over                    0x080003f5   Thumb Code   104  bmi088driver.o(i.BMI088_gyro_read_over)
    BMI088_init                              0x08000461   Thumb Code    46  bmi088driver.o(i.BMI088_init)
    BMI088_read                              0x08000491   Thumb Code   300  bmi088driver.o(i.BMI088_read)
    BMI088_read_write_byte                   0x08000601   Thumb Code    28  bmi088middleware.o(i.BMI088_read_write_byte)
    BMI088_temperature_read_over             0x08000621   Thumb Code    46  bmi088driver.o(i.BMI088_temperature_read_over)
    BusFault_Handler                         0x08000667   Thumb Code     2  stm32f1xx_it.o(i.BusFault_Handler)
    CAN_senddata                             0x08000669   Thumb Code    34  can.o(i.CAN_senddata)
    DMA1_Channel2_IRQHandler                 0x08000691   Thumb Code   340  ins_task.o(i.DMA1_Channel2_IRQHandler)
    DWT_INIT                                 0x080007f9   Thumb Code    26  dwt.o(i.DWT_INIT)
    DebugMon_Handler                         0x08000821   Thumb Code     2  stm32f1xx_it.o(i.DebugMon_Handler)
    EXTI15_10_IRQHandler                     0x08000823   Thumb Code     8  stm32f1xx_it.o(i.EXTI15_10_IRQHandler)
    EXTI1_IRQHandler                         0x0800082b   Thumb Code     6  stm32f1xx_it.o(i.EXTI1_IRQHandler)
    EXTI3_IRQHandler                         0x08000831   Thumb Code     6  stm32f1xx_it.o(i.EXTI3_IRQHandler)
    EXTI4_IRQHandler                         0x08000837   Thumb Code     6  stm32f1xx_it.o(i.EXTI4_IRQHandler)
    Error_Handler                            0x0800083d   Thumb Code     4  main.o(i.Error_Handler)
    HAL_CAN_ActivateNotification             0x08000841   Thumb Code    36  stm32f1xx_hal_can.o(i.HAL_CAN_ActivateNotification)
    HAL_CAN_AddTxMessage                     0x08000865   Thumb Code   220  stm32f1xx_hal_can.o(i.HAL_CAN_AddTxMessage)
    HAL_CAN_ConfigFilter                     0x08000941   Thumb Code   238  stm32f1xx_hal_can.o(i.HAL_CAN_ConfigFilter)
    HAL_CAN_ErrorCallback                    0x08000a2f   Thumb Code     2  stm32f1xx_hal_can.o(i.HAL_CAN_ErrorCallback)
    HAL_CAN_GetRxMessage                     0x08000a31   Thumb Code   232  stm32f1xx_hal_can.o(i.HAL_CAN_GetRxMessage)
    HAL_CAN_IRQHandler                       0x08000b19   Thumb Code   508  stm32f1xx_hal_can.o(i.HAL_CAN_IRQHandler)
    HAL_CAN_Init                             0x08000d15   Thumb Code   282  stm32f1xx_hal_can.o(i.HAL_CAN_Init)
    HAL_CAN_MspInit                          0x08000e31   Thumb Code   112  can.o(i.HAL_CAN_MspInit)
    HAL_CAN_RxFifo0FullCallback              0x08000ead   Thumb Code     2  stm32f1xx_hal_can.o(i.HAL_CAN_RxFifo0FullCallback)
    HAL_CAN_RxFifo0MsgPendingCallback        0x08000eb1   Thumb Code    46  ins_task.o(i.HAL_CAN_RxFifo0MsgPendingCallback)
    HAL_CAN_RxFifo1FullCallback              0x08000eed   Thumb Code     2  stm32f1xx_hal_can.o(i.HAL_CAN_RxFifo1FullCallback)
    HAL_CAN_RxFifo1MsgPendingCallback        0x08000eef   Thumb Code     2  stm32f1xx_hal_can.o(i.HAL_CAN_RxFifo1MsgPendingCallback)
    HAL_CAN_SleepCallback                    0x08000ef1   Thumb Code     2  stm32f1xx_hal_can.o(i.HAL_CAN_SleepCallback)
    HAL_CAN_Start                            0x08000ef5   Thumb Code    88  stm32f1xx_hal_can.o(i.HAL_CAN_Start)
    HAL_CAN_TxMailbox0AbortCallback          0x08000f4d   Thumb Code     2  stm32f1xx_hal_can.o(i.HAL_CAN_TxMailbox0AbortCallback)
    HAL_CAN_TxMailbox0CompleteCallback       0x08000f4f   Thumb Code     2  stm32f1xx_hal_can.o(i.HAL_CAN_TxMailbox0CompleteCallback)
    HAL_CAN_TxMailbox1AbortCallback          0x08000f51   Thumb Code     2  stm32f1xx_hal_can.o(i.HAL_CAN_TxMailbox1AbortCallback)
    HAL_CAN_TxMailbox1CompleteCallback       0x08000f53   Thumb Code     2  stm32f1xx_hal_can.o(i.HAL_CAN_TxMailbox1CompleteCallback)
    HAL_CAN_TxMailbox2AbortCallback          0x08000f55   Thumb Code     2  stm32f1xx_hal_can.o(i.HAL_CAN_TxMailbox2AbortCallback)
    HAL_CAN_TxMailbox2CompleteCallback       0x08000f57   Thumb Code     2  stm32f1xx_hal_can.o(i.HAL_CAN_TxMailbox2CompleteCallback)
    HAL_CAN_WakeUpFromRxMsgCallback          0x08000f59   Thumb Code     2  stm32f1xx_hal_can.o(i.HAL_CAN_WakeUpFromRxMsgCallback)
    HAL_DMA_Init                             0x08000f5d   Thumb Code    84  stm32f1xx_hal_dma.o(i.HAL_DMA_Init)
    HAL_Delay                                0x08000fb9   Thumb Code    32  stm32f1xx_hal.o(i.HAL_Delay)
    HAL_GPIO_EXTI_Callback                   0x08000fdd   Thumb Code    82  ins_task.o(i.HAL_GPIO_EXTI_Callback)
    HAL_GPIO_EXTI_IRQHandler                 0x08001039   Thumb Code    18  stm32f1xx_hal_gpio.o(i.HAL_GPIO_EXTI_IRQHandler)
    HAL_GPIO_Init                            0x08001051   Thumb Code   446  stm32f1xx_hal_gpio.o(i.HAL_GPIO_Init)
    HAL_GPIO_WritePin                        0x08001231   Thumb Code    10  stm32f1xx_hal_gpio.o(i.HAL_GPIO_WritePin)
    HAL_GetTick                              0x0800123d   Thumb Code     6  stm32f1xx_hal.o(i.HAL_GetTick)
    HAL_I2C_Init                             0x08001249   Thumb Code   376  stm32f1xx_hal_i2c.o(i.HAL_I2C_Init)
    HAL_I2C_Mem_Read                         0x080013d1   Thumb Code   574  stm32f1xx_hal_i2c.o(i.HAL_I2C_Mem_Read)
    HAL_I2C_Mem_Write                        0x08001621   Thumb Code   294  stm32f1xx_hal_i2c.o(i.HAL_I2C_Mem_Write)
    HAL_I2C_MspInit                          0x08001751   Thumb Code    82  i2c.o(i.HAL_I2C_MspInit)
    HAL_IncTick                              0x080017b1   Thumb Code    12  stm32f1xx_hal.o(i.HAL_IncTick)
    HAL_Init                                 0x080017c1   Thumb Code    32  stm32f1xx_hal.o(i.HAL_Init)
    HAL_InitTick                             0x080017e5   Thumb Code    54  stm32f1xx_hal.o(i.HAL_InitTick)
    HAL_MspInit                              0x08001825   Thumb Code    52  stm32f1xx_hal_msp.o(i.HAL_MspInit)
    HAL_NVIC_EnableIRQ                       0x08001861   Thumb Code    26  stm32f1xx_hal_cortex.o(i.HAL_NVIC_EnableIRQ)
    HAL_NVIC_SetPriority                     0x0800187d   Thumb Code    60  stm32f1xx_hal_cortex.o(i.HAL_NVIC_SetPriority)
    HAL_NVIC_SetPriorityGrouping             0x080018bd   Thumb Code    26  stm32f1xx_hal_cortex.o(i.HAL_NVIC_SetPriorityGrouping)
    HAL_RCC_ClockConfig                      0x080018e1   Thumb Code   280  stm32f1xx_hal_rcc.o(i.HAL_RCC_ClockConfig)
    HAL_RCC_GetPCLK1Freq                     0x08001a0d   Thumb Code    20  stm32f1xx_hal_rcc.o(i.HAL_RCC_GetPCLK1Freq)
    HAL_RCC_GetPCLK2Freq                     0x08001a2d   Thumb Code    20  stm32f1xx_hal_rcc.o(i.HAL_RCC_GetPCLK2Freq)
    HAL_RCC_GetSysClockFreq                  0x08001a4d   Thumb Code    74  stm32f1xx_hal_rcc.o(i.HAL_RCC_GetSysClockFreq)
    HAL_RCC_OscConfig                        0x08001ab9   Thumb Code   778  stm32f1xx_hal_rcc.o(i.HAL_RCC_OscConfig)
    HAL_SPI_Init                             0x08001dd9   Thumb Code   178  stm32f1xx_hal_spi.o(i.HAL_SPI_Init)
    HAL_SPI_MspInit                          0x08001e8d   Thumb Code   186  spi.o(i.HAL_SPI_MspInit)
    HAL_SPI_TransmitReceive                  0x08001f5d   Thumb Code   482  stm32f1xx_hal_spi.o(i.HAL_SPI_TransmitReceive)
    HAL_SYSTICK_Config                       0x0800213f   Thumb Code    40  stm32f1xx_hal_cortex.o(i.HAL_SYSTICK_Config)
    HAL_TIMEx_MasterConfigSynchronization    0x08002169   Thumb Code    92  stm32f1xx_hal_tim_ex.o(i.HAL_TIMEx_MasterConfigSynchronization)
    HAL_TIM_MspPostInit                      0x080021d1   Thumb Code    62  tim.o(i.HAL_TIM_MspPostInit)
    HAL_TIM_PWM_ConfigChannel                0x0800221d   Thumb Code   198  stm32f1xx_hal_tim.o(i.HAL_TIM_PWM_ConfigChannel)
    HAL_TIM_PWM_Init                         0x080022e3   Thumb Code    90  stm32f1xx_hal_tim.o(i.HAL_TIM_PWM_Init)
    HAL_TIM_PWM_MspInit                      0x0800233d   Thumb Code    30  tim.o(i.HAL_TIM_PWM_MspInit)
    HAL_TIM_PWM_Start                        0x08002365   Thumb Code   144  stm32f1xx_hal_tim.o(i.HAL_TIM_PWM_Start)
    HAL_UART_Init                            0x08002401   Thumb Code    98  stm32f1xx_hal_uart.o(i.HAL_UART_Init)
    HAL_UART_MspInit                         0x08002465   Thumb Code   100  usart.o(i.HAL_UART_MspInit)
    HAL_UART_Transmit                        0x080024d5   Thumb Code   178  stm32f1xx_hal_uart.o(i.HAL_UART_Transmit)
    HardFault_Handler                        0x08002587   Thumb Code     2  stm32f1xx_it.o(i.HardFault_Handler)
    INS_init                                 0x08002959   Thumb Code   120  ins_task.o(i.INS_init)
    INS_task                                 0x080029e9   Thumb Code   220  ins_task.o(i.INS_task)
    MX_CAN_Init                              0x08002add   Thumb Code   124  can.o(i.MX_CAN_Init)
    MX_DMA_Init                              0x08002b61   Thumb Code    56  dma.o(i.MX_DMA_Init)
    MX_GPIO_Init                             0x08002b9d   Thumb Code   238  gpio.o(i.MX_GPIO_Init)
    MX_I2C2_Init                             0x08002c9d   Thumb Code    50  i2c.o(i.MX_I2C2_Init)
    MX_SPI1_Init                             0x08002cdd   Thumb Code    64  spi.o(i.MX_SPI1_Init)
    MX_TIM3_Init                             0x08002d25   Thumb Code   104  tim.o(i.MX_TIM3_Init)
    MX_USART1_UART_Init                      0x08002d95   Thumb Code    48  usart.o(i.MX_USART1_UART_Init)
    MahonyAHRSupdate                         0x08002dcd   Thumb Code  1402  mahonyahrs.o(i.MahonyAHRSupdate)
    MahonyAHRSupdateIMU                      0x08003355   Thumb Code   810  mahonyahrs.o(i.MahonyAHRSupdateIMU)
    MemManage_Handler                        0x0800368d   Thumb Code     2  stm32f1xx_it.o(i.MemManage_Handler)
    NMI_Handler                              0x0800368f   Thumb Code     2  stm32f1xx_it.o(i.NMI_Handler)
    PID_calc                                 0x08003691   Thumb Code   280  pid.o(i.PID_calc)
    PID_init                                 0x080037a9   Thumb Code    56  pid.o(i.PID_init)
    PendSV_Handler                           0x080037e1   Thumb Code     2  stm32f1xx_it.o(i.PendSV_Handler)
    SPI1_DMA_enable                          0x080037e5   Thumb Code   726  bsp_spi.o(i.SPI1_DMA_enable)
    SPI1_DMA_init                            0x08003acd   Thumb Code   124  bsp_spi.o(i.SPI1_DMA_init)
    SVC_Handler                              0x08003c35   Thumb Code     2  stm32f1xx_it.o(i.SVC_Handler)
    SysTick_Handler                          0x08003c37   Thumb Code     4  stm32f1xx_it.o(i.SysTick_Handler)
    SystemClock_Config                       0x08003c3b   Thumb Code    94  main.o(i.SystemClock_Config)
    SystemInit                               0x08003c99   Thumb Code     2  system_stm32f1xx.o(i.SystemInit)
    TIM_Base_SetConfig                       0x08003c9d   Thumb Code    94  stm32f1xx_hal_tim.o(i.TIM_Base_SetConfig)
    TIM_CCxChannelCmd                        0x08003d09   Thumb Code    26  stm32f1xx_hal_tim.o(i.TIM_CCxChannelCmd)
    TIM_OC2_SetConfig                        0x08003d75   Thumb Code    84  stm32f1xx_hal_tim.o(i.TIM_OC2_SetConfig)
    USB_LP_CAN1_RX0_IRQHandler               0x08003f85   Thumb Code     6  stm32f1xx_it.o(i.USB_LP_CAN1_RX0_IRQHandler)
    UsageFault_Handler                       0x08003f91   Thumb Code     2  stm32f1xx_it.o(i.UsageFault_Handler)
    __ARM_fpclassifyf                        0x08003f93   Thumb Code    38  fpclassifyf.o(i.__ARM_fpclassifyf)
    __mathlib_flt_infnan                     0x08003fd9   Thumb Code     6  funder.o(i.__mathlib_flt_infnan)
    __mathlib_flt_infnan2                    0x08003fdf   Thumb Code     4  funder.o(i.__mathlib_flt_infnan2)
    __mathlib_flt_invalid                    0x08003fe3   Thumb Code     8  funder.o(i.__mathlib_flt_invalid)
    __mathlib_flt_underflow                  0x08003feb   Thumb Code    10  funder.o(i.__mathlib_flt_underflow)
    asinf                                    0x08003ff5   Thumb Code   254  asinf.o(i.asinf)
    atan2f                                   0x08004119   Thumb Code   598  atan2f.o(i.atan2f)
    bmi088_accel_init                        0x080043bd   Thumb Code   292  bmi088driver.o(i.bmi088_accel_init)
    bmi088_accel_self_test                   0x080044e5   Thumb Code   698  bmi088driver.o(i.bmi088_accel_self_test)
    bmi088_gyro_init                         0x080047a5   Thumb Code   214  bmi088driver.o(i.bmi088_gyro_init)
    bmi088_gyro_self_test                    0x08004881   Thumb Code   202  bmi088driver.o(i.bmi088_gyro_self_test)
    get_angle                                0x0800494d   Thumb Code   244  ins_task.o(i.get_angle)
    invSqrt                                  0x08004b3d   Thumb Code    48  mahonyahrs.o(i.invSqrt)
    ist8310_GPIO_init                        0x08004b71   Thumb Code     2  ist8310driver_middleware.o(i.ist8310_GPIO_init)
    ist8310_IIC_read_muli_reg                0x08004b75   Thumb Code    22  ist8310driver_middleware.o(i.ist8310_IIC_read_muli_reg)
    ist8310_IIC_read_single_reg              0x08004b91   Thumb Code    38  ist8310driver_middleware.o(i.ist8310_IIC_read_single_reg)
    ist8310_IIC_write_single_reg             0x08004bbd   Thumb Code    30  ist8310driver_middleware.o(i.ist8310_IIC_write_single_reg)
    ist8310_RST_H                            0x08004be1   Thumb Code    10  ist8310driver_middleware.o(i.ist8310_RST_H)
    ist8310_RST_L                            0x08004bf1   Thumb Code    12  ist8310driver_middleware.o(i.ist8310_RST_L)
    ist8310_com_init                         0x08004c01   Thumb Code     2  ist8310driver_middleware.o(i.ist8310_com_init)
    ist8310_delay_ms                         0x08004c03   Thumb Code     4  ist8310driver_middleware.o(i.ist8310_delay_ms)
    ist8310_delay_us                         0x08004c07   Thumb Code    48  ist8310driver_middleware.o(i.ist8310_delay_us)
    ist8310_init                             0x08004c39   Thumb Code   114  ist8310driver.o(i.ist8310_init)
    ist8310_mag_cal                          0x08004cb1   Thumb Code    78  ist8310driver.o(i.ist8310_mag_cal)
    ist8310_read_mag                         0x08004d05   Thumb Code   104  ist8310driver.o(i.ist8310_read_mag)
    main                                     0x08004d81   Thumb Code    54  main.o(i.main)
    send_angle_can                           0x08004dbd   Thumb Code   160  ins_task.o(i.send_angle_can)
    sqrt                                     0x08004e69   Thumb Code    76  sqrt.o(i.sqrt)
    sqrtf                                    0x08004eb5   Thumb Code    44  sqrtf.o(i.sqrtf)
    __aeabi_d2f                              0x08004ee1   Thumb Code     0  d2f.o(x$fpl$d2f)
    _d2f                                     0x08004ee1   Thumb Code    98  d2f.o(x$fpl$d2f)
    __fpl_dnaninf                            0x08004f43   Thumb Code   156  dnaninf.o(x$fpl$dnaninf)
    __fpl_dretinf                            0x08004fdf   Thumb Code    12  dretinf.o(x$fpl$dretinf)
    _dsqrt                                   0x08004fed   Thumb Code   456  dsqrt_noumaal.o(x$fpl$dsqrt)
    __aeabi_f2d                              0x080051b9   Thumb Code     0  f2d.o(x$fpl$f2d)
    _f2d                                     0x080051b9   Thumb Code    86  f2d.o(x$fpl$f2d)
    __aeabi_fadd                             0x08005211   Thumb Code     0  faddsub_clz.o(x$fpl$fadd)
    _fadd                                    0x08005211   Thumb Code   196  faddsub_clz.o(x$fpl$fadd)
    __fpl_fcheck_NaN1                        0x080052d5   Thumb Code     6  fcheck1.o(x$fpl$fcheck1)
    __fpl_fcmp_Inf                           0x080052e1   Thumb Code    24  fcmpi.o(x$fpl$fcmpinf)
    __aeabi_fdiv                             0x080052f9   Thumb Code     0  fdiv.o(x$fpl$fdiv)
    _fdiv                                    0x080052f9   Thumb Code   384  fdiv.o(x$fpl$fdiv)
    __aeabi_f2iz                             0x0800547d   Thumb Code     0  ffix.o(x$fpl$ffix)
    _ffix                                    0x0800547d   Thumb Code    54  ffix.o(x$fpl$ffix)
    __aeabi_f2uiz                            0x080054b5   Thumb Code     0  ffixu.o(x$fpl$ffixu)
    _ffixu                                   0x080054b5   Thumb Code    62  ffixu.o(x$fpl$ffixu)
    __aeabi_i2f                              0x080054f5   Thumb Code     0  fflt_clz.o(x$fpl$fflt)
    _fflt                                    0x080054f5   Thumb Code    48  fflt_clz.o(x$fpl$fflt)
    __aeabi_ui2f                             0x08005525   Thumb Code     0  fflt_clz.o(x$fpl$ffltu)
    _ffltu                                   0x08005525   Thumb Code    38  fflt_clz.o(x$fpl$ffltu)
    __aeabi_cfcmple                          0x0800554d   Thumb Code     0  fleqf.o(x$fpl$fleqf)
    _fcmple                                  0x0800554d   Thumb Code   104  fleqf.o(x$fpl$fleqf)
    __fpl_fcmple_InfNaN                      0x0800559f   Thumb Code     0  fleqf.o(x$fpl$fleqf)
    __aeabi_fmul                             0x080055b5   Thumb Code     0  fmul.o(x$fpl$fmul)
    _fmul                                    0x080055b5   Thumb Code   258  fmul.o(x$fpl$fmul)
    __fpl_fnaninf                            0x080056b7   Thumb Code   140  fnaninf.o(x$fpl$fnaninf)
    __fpl_fretinf                            0x08005743   Thumb Code    10  fretinf.o(x$fpl$fretinf)
    __aeabi_cfrcmple                         0x0800574d   Thumb Code     0  frleqf.o(x$fpl$frleqf)
    _frcmple                                 0x0800574d   Thumb Code    98  frleqf.o(x$fpl$frleqf)
    __aeabi_frsub                            0x080057af   Thumb Code     0  faddsub_clz.o(x$fpl$frsb)
    _frsb                                    0x080057af   Thumb Code    20  faddsub_clz.o(x$fpl$frsb)
    _fsqrt                                   0x080057c5   Thumb Code   272  fsqrt.o(x$fpl$fsqrt)
    __aeabi_fsub                             0x080058d5   Thumb Code     0  faddsub_clz.o(x$fpl$fsub)
    _fsub                                    0x080058d5   Thumb Code   234  faddsub_clz.o(x$fpl$fsub)
    __fpl_return_NaN                         0x080059bf   Thumb Code   100  retnan.o(x$fpl$retnan)
    __ARM_scalbnf                            0x08005a23   Thumb Code    76  scalbnf.o(x$fpl$scalbnf)
    __fpl_cmpreturn                          0x08005a6f   Thumb Code    48  trapv.o(x$fpl$trapveneer)
    AHBPrescTable                            0x08005a9e   Data          16  system_stm32f1xx.o(.constdata)
    __I$use$fp                               0x08005a9e   Number         0  usenofp.o(x$fpl$usenofp)
    APBPrescTable                            0x08005aae   Data           8  system_stm32f1xx.o(.constdata)
    Region$$Table$$Base                      0x08005ae4   Number         0  anon$$obj.o(Region$$Table)
    Region$$Table$$Limit                     0x08005b04   Number         0  anon$$obj.o(Region$$Table)
    uwTickFreq                               0x20000000   Data           1  stm32f1xx_hal.o(.data)
    uwTickPrio                               0x20000004   Data           4  stm32f1xx_hal.o(.data)
    uwTick                                   0x20000008   Data           4  stm32f1xx_hal.o(.data)
    SystemCoreClock                          0x2000000c   Data           4  system_stm32f1xx.o(.data)
    task_start_flag                          0x20000010   Data           1  ins_task.o(.data)
    gyro_update_flag                         0x20000011   Data           1  ins_task.o(.data)
    accel_update_flag                        0x20000012   Data           1  ins_task.o(.data)
    accel_temp_update_flag                   0x20000013   Data           1  ins_task.o(.data)
    mag_update_flag                          0x20000014   Data           1  ins_task.o(.data)
    imu_start_dma_flag                       0x20000015   Data           1  ins_task.o(.data)
    accel_temp_dma_tx_buf                    0x20000017   Data           4  ins_task.o(.data)
    code_start                               0x2000001c   Data           4  ins_task.o(.data)
    code_end                                 0x20000020   Data           4  ins_task.o(.data)
    code_time                                0x20000024   Data           4  ins_task.o(.data)
    accel_temp_dma_rx_buf                    0x20000028   Data           4  ins_task.o(.data)
    gyro_dma_tx_buf                          0x2000002c   Data           8  ins_task.o(.data)
    gyro_dma_rx_buf                          0x20000034   Data           8  ins_task.o(.data)
    RXmessage                                0x2000003c   Data           8  ins_task.o(.data)
    accel_dma_tx_buf                         0x20000044   Data           9  ins_task.o(.data)
    twoKp                                    0x20000050   Data           4  mahonyahrs.o(.data)
    twoKi                                    0x20000054   Data           4  mahonyahrs.o(.data)
    integralFBx                              0x20000058   Data           4  mahonyahrs.o(.data)
    integralFBy                              0x2000005c   Data           4  mahonyahrs.o(.data)
    integralFBz                              0x20000060   Data           4  mahonyahrs.o(.data)
    BMI088_ACCEL_SEN                         0x20000064   Data           4  bmi088driver.o(.data)
    BMI088_GYRO_SEN                          0x20000068   Data           4  bmi088driver.o(.data)
    acc_offset                               0x2000006c   Data           6  bmi088driver.o(.data)
    gyro_offset                              0x20000072   Data           6  bmi088driver.o(.data)
    mag_offset                               0x2000009c   Data          12  ist8310driver.o(.data)
    hcan                                     0x200000ac   Data          40  can.o(.bss)
    TXHeader                                 0x200000d4   Data          24  can.o(.bss)
    hi2c2                                    0x200000ec   Data          84  i2c.o(.bss)
    hspi1                                    0x20000140   Data          88  spi.o(.bss)
    hdma_spi1_rx                             0x20000198   Data          68  spi.o(.bss)
    hdma_spi1_tx                             0x200001dc   Data          68  spi.o(.bss)
    htim3                                    0x20000220   Data          72  tim.o(.bss)
    huart1                                   0x20000268   Data          68  usart.o(.bss)
    INS_quat                                 0x200002ac   Data          16  ins_task.o(.bss)
    INS_angle                                0x200002bc   Data          12  ins_task.o(.bss)
    accel_dma_rx_buf                         0x200002c8   Data           9  ins_task.o(.bss)
    bmi088_real_data                         0x200002d4   Data          36  ins_task.o(.bss)
    ist8310_real_data                        0x200002f8   Data          16  ins_task.o(.bss)
    RXHeader                                 0x20000350   Data          28  ins_task.o(.bss)
    __libspace_start                         0x2000036c   Data          96  libspace.o(.bss)
    __temporary_stack_top$libspace           0x200003cc   Data           0  libspace.o(.bss)



==============================================================================

Memory Map of the image

  Image Entry point : 0x080000ed

  Load Region LR_IROM1 (Base: 0x08000000, Size: 0x00005bb0, Max: 0x00020000, ABSOLUTE)

    Execution Region ER_IROM1 (Exec base: 0x08000000, Load base: 0x08000000, Size: 0x00005b04, Max: 0x00020000, ABSOLUTE)

    Exec Addr    Load Addr    Size         Type   Attr      Idx    E Section Name        Object

    0x08000000   0x08000000   0x000000ec   Data   RO            3    RESET               startup_stm32f103xb.o
    0x080000ec   0x080000ec   0x00000008   Code   RO         4635  * !!!main             c_w.l(__main.o)
    0x080000f4   0x080000f4   0x00000034   Code   RO         4910    !!!scatter          c_w.l(__scatter.o)
    0x08000128   0x08000128   0x0000001a   Code   RO         4912    !!handler_copy      c_w.l(__scatter_copy.o)
    0x08000142   0x08000142   0x00000002   PAD
    0x08000144   0x08000144   0x0000001c   Code   RO         4914    !!handler_zi        c_w.l(__scatter_zi.o)
    0x08000160   0x08000160   0x00000002   Code   RO         4779    .ARM.Collect$$libinit$$00000000  c_w.l(libinit.o)
    0x08000162   0x08000162   0x00000000   Code   RO         4785    .ARM.Collect$$libinit$$00000002  c_w.l(libinit2.o)
    0x08000162   0x08000162   0x00000000   Code   RO         4787    .ARM.Collect$$libinit$$00000004  c_w.l(libinit2.o)
    0x08000162   0x08000162   0x00000000   Code   RO         4790    .ARM.Collect$$libinit$$0000000A  c_w.l(libinit2.o)
    0x08000162   0x08000162   0x00000000   Code   RO         4792    .ARM.Collect$$libinit$$0000000C  c_w.l(libinit2.o)
    0x08000162   0x08000162   0x00000000   Code   RO         4794    .ARM.Collect$$libinit$$0000000E  c_w.l(libinit2.o)
    0x08000162   0x08000162   0x00000000   Code   RO         4797    .ARM.Collect$$libinit$$00000011  c_w.l(libinit2.o)
    0x08000162   0x08000162   0x00000000   Code   RO         4799    .ARM.Collect$$libinit$$00000013  c_w.l(libinit2.o)
    0x08000162   0x08000162   0x00000000   Code   RO         4801    .ARM.Collect$$libinit$$00000015  c_w.l(libinit2.o)
    0x08000162   0x08000162   0x00000000   Code   RO         4803    .ARM.Collect$$libinit$$00000017  c_w.l(libinit2.o)
    0x08000162   0x08000162   0x00000000   Code   RO         4805    .ARM.Collect$$libinit$$00000019  c_w.l(libinit2.o)
    0x08000162   0x08000162   0x00000000   Code   RO         4807    .ARM.Collect$$libinit$$0000001B  c_w.l(libinit2.o)
    0x08000162   0x08000162   0x00000000   Code   RO         4809    .ARM.Collect$$libinit$$0000001D  c_w.l(libinit2.o)
    0x08000162   0x08000162   0x00000000   Code   RO         4811    .ARM.Collect$$libinit$$0000001F  c_w.l(libinit2.o)
    0x08000162   0x08000162   0x00000000   Code   RO         4813    .ARM.Collect$$libinit$$00000021  c_w.l(libinit2.o)
    0x08000162   0x08000162   0x00000000   Code   RO         4815    .ARM.Collect$$libinit$$00000023  c_w.l(libinit2.o)
    0x08000162   0x08000162   0x00000000   Code   RO         4817    .ARM.Collect$$libinit$$00000025  c_w.l(libinit2.o)
    0x08000162   0x08000162   0x00000000   Code   RO         4821    .ARM.Collect$$libinit$$0000002C  c_w.l(libinit2.o)
    0x08000162   0x08000162   0x00000000   Code   RO         4823    .ARM.Collect$$libinit$$0000002E  c_w.l(libinit2.o)
    0x08000162   0x08000162   0x00000000   Code   RO         4825    .ARM.Collect$$libinit$$00000030  c_w.l(libinit2.o)
    0x08000162   0x08000162   0x00000000   Code   RO         4827    .ARM.Collect$$libinit$$00000032  c_w.l(libinit2.o)
    0x08000162   0x08000162   0x00000002   Code   RO         4828    .ARM.Collect$$libinit$$00000033  c_w.l(libinit2.o)
    0x08000164   0x08000164   0x00000002   Code   RO         4848    .ARM.Collect$$libshutdown$$00000000  c_w.l(libshutdown.o)
    0x08000166   0x08000166   0x00000000   Code   RO         4861    .ARM.Collect$$libshutdown$$00000002  c_w.l(libshutdown2.o)
    0x08000166   0x08000166   0x00000000   Code   RO         4863    .ARM.Collect$$libshutdown$$00000004  c_w.l(libshutdown2.o)
    0x08000166   0x08000166   0x00000000   Code   RO         4865    .ARM.Collect$$libshutdown$$00000006  c_w.l(libshutdown2.o)
    0x08000166   0x08000166   0x00000000   Code   RO         4868    .ARM.Collect$$libshutdown$$00000009  c_w.l(libshutdown2.o)
    0x08000166   0x08000166   0x00000000   Code   RO         4871    .ARM.Collect$$libshutdown$$0000000C  c_w.l(libshutdown2.o)
    0x08000166   0x08000166   0x00000000   Code   RO         4873    .ARM.Collect$$libshutdown$$0000000E  c_w.l(libshutdown2.o)
    0x08000166   0x08000166   0x00000000   Code   RO         4876    .ARM.Collect$$libshutdown$$00000011  c_w.l(libshutdown2.o)
    0x08000166   0x08000166   0x00000002   Code   RO         4877    .ARM.Collect$$libshutdown$$00000012  c_w.l(libshutdown2.o)
    0x08000168   0x08000168   0x00000000   Code   RO         4697    .ARM.Collect$$rtentry$$00000000  c_w.l(__rtentry.o)
    0x08000168   0x08000168   0x00000000   Code   RO         4742    .ARM.Collect$$rtentry$$00000002  c_w.l(__rtentry2.o)
    0x08000168   0x08000168   0x00000006   Code   RO         4754    .ARM.Collect$$rtentry$$00000004  c_w.l(__rtentry4.o)
    0x0800016e   0x0800016e   0x00000000   Code   RO         4744    .ARM.Collect$$rtentry$$00000009  c_w.l(__rtentry2.o)
    0x0800016e   0x0800016e   0x00000004   Code   RO         4745    .ARM.Collect$$rtentry$$0000000A  c_w.l(__rtentry2.o)
    0x08000172   0x08000172   0x00000000   Code   RO         4747    .ARM.Collect$$rtentry$$0000000C  c_w.l(__rtentry2.o)
    0x08000172   0x08000172   0x00000008   Code   RO         4748    .ARM.Collect$$rtentry$$0000000D  c_w.l(__rtentry2.o)
    0x0800017a   0x0800017a   0x00000002   Code   RO         4782    .ARM.Collect$$rtexit$$00000000  c_w.l(rtexit.o)
    0x0800017c   0x0800017c   0x00000000   Code   RO         4830    .ARM.Collect$$rtexit$$00000002  c_w.l(rtexit2.o)
    0x0800017c   0x0800017c   0x00000004   Code   RO         4831    .ARM.Collect$$rtexit$$00000003  c_w.l(rtexit2.o)
    0x08000180   0x08000180   0x00000006   Code   RO         4832    .ARM.Collect$$rtexit$$00000004  c_w.l(rtexit2.o)
    0x08000186   0x08000186   0x00000002   PAD
    0x08000188   0x08000188   0x00000040   Code   RO            4    .text               startup_stm32f103xb.o
    0x080001c8   0x080001c8   0x0000004e   Code   RO         4631    .text               c_w.l(rt_memclr_w.o)
    0x08000216   0x08000216   0x00000006   Code   RO         4633    .text               c_w.l(heapauxi.o)
    0x0800021c   0x0800021c   0x00000016   Code   RO         4698    .text               c_w.l(_rserrno.o)
    0x08000232   0x08000232   0x00000002   PAD
    0x08000234   0x08000234   0x00000008   Code   RO         4759    .text               c_w.l(rt_errno_addr_intlibspace.o)
    0x0800023c   0x0800023c   0x00000008   Code   RO         4767    .text               c_w.l(libspace.o)
    0x08000244   0x08000244   0x0000004a   Code   RO         4770    .text               c_w.l(sys_stackheap_outer.o)
    0x0800028e   0x0800028e   0x00000012   Code   RO         4772    .text               c_w.l(exit.o)
    0x080002a0   0x080002a0   0x0000000c   Code   RO         4840    .text               c_w.l(sys_exit.o)
    0x080002ac   0x080002ac   0x00000002   Code   RO         4851    .text               c_w.l(use_no_semi.o)
    0x080002ae   0x080002ae   0x00000000   Code   RO         4853    .text               c_w.l(indicate_semi.o)
    0x080002ae   0x080002ae   0x00000010   Code   RO         3945    i.AHRS_init         ins_task.o
    0x080002be   0x080002be   0x0000002a   Code   RO         3946    i.AHRS_update       ins_task.o
    0x080002e8   0x080002e8   0x00000010   Code   RO         4355    i.BMI088_ACCEL_NS_H  bmi088middleware.o
    0x080002f8   0x080002f8   0x00000010   Code   RO         4356    i.BMI088_ACCEL_NS_L  bmi088middleware.o
    0x08000308   0x08000308   0x00000002   Code   RO         4357    i.BMI088_GPIO_init  bmi088middleware.o
    0x0800030a   0x0800030a   0x00000002   PAD
    0x0800030c   0x0800030c   0x00000010   Code   RO         4358    i.BMI088_GYRO_NS_H  bmi088middleware.o
    0x0800031c   0x0800031c   0x00000010   Code   RO         4359    i.BMI088_GYRO_NS_L  bmi088middleware.o
    0x0800032c   0x0800032c   0x00000090   Code   RO         4213    i.BMI088_accel_read_over  bmi088driver.o
    0x080003bc   0x080003bc   0x00000002   Code   RO         4360    i.BMI088_com_init   bmi088middleware.o
    0x080003be   0x080003be   0x00000004   Code   RO         4361    i.BMI088_delay_ms   bmi088middleware.o
    0x080003c2   0x080003c2   0x00000030   Code   RO         4362    i.BMI088_delay_us   bmi088middleware.o
    0x080003f2   0x080003f2   0x00000002   PAD
    0x080003f4   0x080003f4   0x0000006c   Code   RO         4214    i.BMI088_gyro_read_over  bmi088driver.o
    0x08000460   0x08000460   0x0000002e   Code   RO         4215    i.BMI088_init       bmi088driver.o
    0x0800048e   0x0800048e   0x00000002   PAD
    0x08000490   0x08000490   0x00000134   Code   RO         4216    i.BMI088_read       bmi088driver.o
    0x080005c4   0x080005c4   0x00000024   Code   RO         4219    i.BMI088_read_muli_reg  bmi088driver.o
    0x080005e8   0x080005e8   0x00000016   Code   RO         4220    i.BMI088_read_single_reg  bmi088driver.o
    0x080005fe   0x080005fe   0x00000002   PAD
    0x08000600   0x08000600   0x00000020   Code   RO         4363    i.BMI088_read_write_byte  bmi088middleware.o
    0x08000620   0x08000620   0x00000034   Code   RO         4221    i.BMI088_temperature_read_over  bmi088driver.o
    0x08000654   0x08000654   0x00000012   Code   RO         4222    i.BMI088_write_single_reg  bmi088driver.o
    0x08000666   0x08000666   0x00000002   Code   RO          448    i.BusFault_Handler  stm32f1xx_it.o
    0x08000668   0x08000668   0x00000028   Code   RO          202    i.CAN_senddata      can.o
    0x08000690   0x08000690   0x00000168   Code   RO         3947    i.DMA1_Channel2_IRQHandler  ins_task.o
    0x080007f8   0x080007f8   0x00000028   Code   RO         4596    i.DWT_INIT          dwt.o
    0x08000820   0x08000820   0x00000002   Code   RO          449    i.DebugMon_Handler  stm32f1xx_it.o
    0x08000822   0x08000822   0x00000008   Code   RO          450    i.EXTI15_10_IRQHandler  stm32f1xx_it.o
    0x0800082a   0x0800082a   0x00000006   Code   RO          451    i.EXTI1_IRQHandler  stm32f1xx_it.o
    0x08000830   0x08000830   0x00000006   Code   RO          452    i.EXTI3_IRQHandler  stm32f1xx_it.o
    0x08000836   0x08000836   0x00000006   Code   RO          453    i.EXTI4_IRQHandler  stm32f1xx_it.o
    0x0800083c   0x0800083c   0x00000004   Code   RO           13    i.Error_Handler     main.o
    0x08000840   0x08000840   0x00000024   Code   RO          615    i.HAL_CAN_ActivateNotification  stm32f1xx_hal_can.o
    0x08000864   0x08000864   0x000000dc   Code   RO          616    i.HAL_CAN_AddTxMessage  stm32f1xx_hal_can.o
    0x08000940   0x08000940   0x000000ee   Code   RO          617    i.HAL_CAN_ConfigFilter  stm32f1xx_hal_can.o
    0x08000a2e   0x08000a2e   0x00000002   Code   RO          620    i.HAL_CAN_ErrorCallback  stm32f1xx_hal_can.o
    0x08000a30   0x08000a30   0x000000e8   Code   RO          623    i.HAL_CAN_GetRxMessage  stm32f1xx_hal_can.o
    0x08000b18   0x08000b18   0x000001fc   Code   RO          627    i.HAL_CAN_IRQHandler  stm32f1xx_hal_can.o
    0x08000d14   0x08000d14   0x0000011a   Code   RO          628    i.HAL_CAN_Init      stm32f1xx_hal_can.o
    0x08000e2e   0x08000e2e   0x00000002   PAD
    0x08000e30   0x08000e30   0x0000007c   Code   RO          204    i.HAL_CAN_MspInit   can.o
    0x08000eac   0x08000eac   0x00000002   Code   RO          635    i.HAL_CAN_RxFifo0FullCallback  stm32f1xx_hal_can.o
    0x08000eae   0x08000eae   0x00000002   PAD
    0x08000eb0   0x08000eb0   0x0000003c   Code   RO         3948    i.HAL_CAN_RxFifo0MsgPendingCallback  ins_task.o
    0x08000eec   0x08000eec   0x00000002   Code   RO          637    i.HAL_CAN_RxFifo1FullCallback  stm32f1xx_hal_can.o
    0x08000eee   0x08000eee   0x00000002   Code   RO          638    i.HAL_CAN_RxFifo1MsgPendingCallback  stm32f1xx_hal_can.o
    0x08000ef0   0x08000ef0   0x00000002   Code   RO          639    i.HAL_CAN_SleepCallback  stm32f1xx_hal_can.o
    0x08000ef2   0x08000ef2   0x00000002   PAD
    0x08000ef4   0x08000ef4   0x00000058   Code   RO          640    i.HAL_CAN_Start     stm32f1xx_hal_can.o
    0x08000f4c   0x08000f4c   0x00000002   Code   RO          642    i.HAL_CAN_TxMailbox0AbortCallback  stm32f1xx_hal_can.o
    0x08000f4e   0x08000f4e   0x00000002   Code   RO          643    i.HAL_CAN_TxMailbox0CompleteCallback  stm32f1xx_hal_can.o
    0x08000f50   0x08000f50   0x00000002   Code   RO          644    i.HAL_CAN_TxMailbox1AbortCallback  stm32f1xx_hal_can.o
    0x08000f52   0x08000f52   0x00000002   Code   RO          645    i.HAL_CAN_TxMailbox1CompleteCallback  stm32f1xx_hal_can.o
    0x08000f54   0x08000f54   0x00000002   Code   RO          646    i.HAL_CAN_TxMailbox2AbortCallback  stm32f1xx_hal_can.o
    0x08000f56   0x08000f56   0x00000002   Code   RO          647    i.HAL_CAN_TxMailbox2CompleteCallback  stm32f1xx_hal_can.o
    0x08000f58   0x08000f58   0x00000002   Code   RO          649    i.HAL_CAN_WakeUpFromRxMsgCallback  stm32f1xx_hal_can.o
    0x08000f5a   0x08000f5a   0x00000002   PAD
    0x08000f5c   0x08000f5c   0x0000005c   Code   RO         1233    i.HAL_DMA_Init      stm32f1xx_hal_dma.o
    0x08000fb8   0x08000fb8   0x00000024   Code   RO          855    i.HAL_Delay         stm32f1xx_hal.o
    0x08000fdc   0x08000fdc   0x0000005c   Code   RO         3949    i.HAL_GPIO_EXTI_Callback  ins_task.o
    0x08001038   0x08001038   0x00000018   Code   RO         1162    i.HAL_GPIO_EXTI_IRQHandler  stm32f1xx_hal_gpio.o
    0x08001050   0x08001050   0x000001e0   Code   RO         1163    i.HAL_GPIO_Init     stm32f1xx_hal_gpio.o
    0x08001230   0x08001230   0x0000000a   Code   RO         1167    i.HAL_GPIO_WritePin  stm32f1xx_hal_gpio.o
    0x0800123a   0x0800123a   0x00000002   PAD
    0x0800123c   0x0800123c   0x0000000c   Code   RO          859    i.HAL_GetTick       stm32f1xx_hal.o
    0x08001248   0x08001248   0x00000188   Code   RO         1834    i.HAL_I2C_Init      stm32f1xx_hal_i2c.o
    0x080013d0   0x080013d0   0x00000250   Code   RO         1852    i.HAL_I2C_Mem_Read  stm32f1xx_hal_i2c.o
    0x08001620   0x08001620   0x00000130   Code   RO         1855    i.HAL_I2C_Mem_Write  stm32f1xx_hal_i2c.o
    0x08001750   0x08001750   0x00000060   Code   RO          275    i.HAL_I2C_MspInit   i2c.o
    0x080017b0   0x080017b0   0x00000010   Code   RO          865    i.HAL_IncTick       stm32f1xx_hal.o
    0x080017c0   0x080017c0   0x00000024   Code   RO          866    i.HAL_Init          stm32f1xx_hal.o
    0x080017e4   0x080017e4   0x00000040   Code   RO          867    i.HAL_InitTick      stm32f1xx_hal.o
    0x08001824   0x08001824   0x0000003c   Code   RO          554    i.HAL_MspInit       stm32f1xx_hal_msp.o
    0x08001860   0x08001860   0x0000001a   Code   RO         1323    i.HAL_NVIC_EnableIRQ  stm32f1xx_hal_cortex.o
    0x0800187a   0x0800187a   0x00000002   PAD
    0x0800187c   0x0800187c   0x00000040   Code   RO         1329    i.HAL_NVIC_SetPriority  stm32f1xx_hal_cortex.o
    0x080018bc   0x080018bc   0x00000024   Code   RO         1330    i.HAL_NVIC_SetPriorityGrouping  stm32f1xx_hal_cortex.o
    0x080018e0   0x080018e0   0x0000012c   Code   RO         1023    i.HAL_RCC_ClockConfig  stm32f1xx_hal_rcc.o
    0x08001a0c   0x08001a0c   0x00000020   Code   RO         1030    i.HAL_RCC_GetPCLK1Freq  stm32f1xx_hal_rcc.o
    0x08001a2c   0x08001a2c   0x00000020   Code   RO         1031    i.HAL_RCC_GetPCLK2Freq  stm32f1xx_hal_rcc.o
    0x08001a4c   0x08001a4c   0x0000006c   Code   RO         1032    i.HAL_RCC_GetSysClockFreq  stm32f1xx_hal_rcc.o
    0x08001ab8   0x08001ab8   0x00000320   Code   RO         1035    i.HAL_RCC_OscConfig  stm32f1xx_hal_rcc.o
    0x08001dd8   0x08001dd8   0x000000b2   Code   RO         2266    i.HAL_SPI_Init      stm32f1xx_hal_spi.o
    0x08001e8a   0x08001e8a   0x00000002   PAD
    0x08001e8c   0x08001e8c   0x000000d0   Code   RO          317    i.HAL_SPI_MspInit   spi.o
    0x08001f5c   0x08001f5c   0x000001e2   Code   RO         2275    i.HAL_SPI_TransmitReceive  stm32f1xx_hal_spi.o
    0x0800213e   0x0800213e   0x00000028   Code   RO         1334    i.HAL_SYSTICK_Config  stm32f1xx_hal_cortex.o
    0x08002166   0x08002166   0x00000002   PAD
    0x08002168   0x08002168   0x00000068   Code   RO         3302    i.HAL_TIMEx_MasterConfigSynchronization  stm32f1xx_hal_tim_ex.o
    0x080021d0   0x080021d0   0x0000004c   Code   RO          358    i.HAL_TIM_MspPostInit  tim.o
    0x0800221c   0x0800221c   0x000000c6   Code   RO         2651    i.HAL_TIM_PWM_ConfigChannel  stm32f1xx_hal_tim.o
    0x080022e2   0x080022e2   0x0000005a   Code   RO         2654    i.HAL_TIM_PWM_Init  stm32f1xx_hal_tim.o
    0x0800233c   0x0800233c   0x00000028   Code   RO          360    i.HAL_TIM_PWM_MspInit  tim.o
    0x08002364   0x08002364   0x0000009c   Code   RO         2659    i.HAL_TIM_PWM_Start  stm32f1xx_hal_tim.o
    0x08002400   0x08002400   0x00000062   Code   RO         3579    i.HAL_UART_Init     stm32f1xx_hal_uart.o
    0x08002462   0x08002462   0x00000002   PAD
    0x08002464   0x08002464   0x00000070   Code   RO          407    i.HAL_UART_MspInit  usart.o
    0x080024d4   0x080024d4   0x000000b2   Code   RO         3587    i.HAL_UART_Transmit  stm32f1xx_hal_uart.o
    0x08002586   0x08002586   0x00000002   Code   RO          454    i.HardFault_Handler  stm32f1xx_it.o
    0x08002588   0x08002588   0x0000002e   Code   RO         1876    i.I2C_IsAcknowledgeFailed  stm32f1xx_hal_i2c.o
    0x080025b6   0x080025b6   0x00000002   PAD
    0x080025b8   0x080025b8   0x000000fc   Code   RO         1886    i.I2C_RequestMemoryRead  stm32f1xx_hal_i2c.o
    0x080026b4   0x080026b4   0x000000a8   Code   RO         1887    i.I2C_RequestMemoryWrite  stm32f1xx_hal_i2c.o
    0x0800275c   0x0800275c   0x0000004c   Code   RO         1891    i.I2C_WaitOnBTFFlagUntilTimeout  stm32f1xx_hal_i2c.o
    0x080027a8   0x080027a8   0x00000068   Code   RO         1892    i.I2C_WaitOnFlagUntilTimeout  stm32f1xx_hal_i2c.o
    0x08002810   0x08002810   0x00000096   Code   RO         1893    i.I2C_WaitOnMasterAddressFlagUntilTimeout  stm32f1xx_hal_i2c.o
    0x080028a6   0x080028a6   0x00000066   Code   RO         1894    i.I2C_WaitOnRXNEFlagUntilTimeout  stm32f1xx_hal_i2c.o
    0x0800290c   0x0800290c   0x0000004c   Code   RO         1895    i.I2C_WaitOnTXEFlagUntilTimeout  stm32f1xx_hal_i2c.o
    0x08002958   0x08002958   0x00000090   Code   RO         3950    i.INS_init          ins_task.o
    0x080029e8   0x080029e8   0x000000f4   Code   RO         3951    i.INS_task          ins_task.o
    0x08002adc   0x08002adc   0x00000084   Code   RO          205    i.MX_CAN_Init       can.o
    0x08002b60   0x08002b60   0x0000003c   Code   RO          250    i.MX_DMA_Init       dma.o
    0x08002b9c   0x08002b9c   0x00000100   Code   RO          178    i.MX_GPIO_Init      gpio.o
    0x08002c9c   0x08002c9c   0x00000040   Code   RO          276    i.MX_I2C2_Init      i2c.o
    0x08002cdc   0x08002cdc   0x00000048   Code   RO          318    i.MX_SPI1_Init      spi.o
    0x08002d24   0x08002d24   0x00000070   Code   RO          361    i.MX_TIM3_Init      tim.o
    0x08002d94   0x08002d94   0x00000038   Code   RO          408    i.MX_USART1_UART_Init  usart.o
    0x08002dcc   0x08002dcc   0x00000588   Code   RO         4047    i.MahonyAHRSupdate  mahonyahrs.o
    0x08003354   0x08003354   0x00000338   Code   RO         4048    i.MahonyAHRSupdateIMU  mahonyahrs.o
    0x0800368c   0x0800368c   0x00000002   Code   RO          455    i.MemManage_Handler  stm32f1xx_it.o
    0x0800368e   0x0800368e   0x00000002   Code   RO          456    i.NMI_Handler       stm32f1xx_it.o
    0x08003690   0x08003690   0x00000118   Code   RO         4081    i.PID_calc          pid.o
    0x080037a8   0x080037a8   0x00000038   Code   RO         4083    i.PID_init          pid.o
    0x080037e0   0x080037e0   0x00000002   Code   RO          457    i.PendSV_Handler    stm32f1xx_it.o
    0x080037e2   0x080037e2   0x00000002   PAD
    0x080037e4   0x080037e4   0x000002e8   Code   RO         4561    i.SPI1_DMA_enable   bsp_spi.o
    0x08003acc   0x08003acc   0x00000090   Code   RO         4562    i.SPI1_DMA_init     bsp_spi.o
    0x08003b5c   0x08003b5c   0x00000020   Code   RO         2304    i.SPI_EndRxTxTransaction  stm32f1xx_hal_spi.o
    0x08003b7c   0x08003b7c   0x000000b8   Code   RO         2309    i.SPI_WaitFlagStateUntilTimeout  stm32f1xx_hal_spi.o
    0x08003c34   0x08003c34   0x00000002   Code   RO          458    i.SVC_Handler       stm32f1xx_it.o
    0x08003c36   0x08003c36   0x00000004   Code   RO          459    i.SysTick_Handler   stm32f1xx_it.o
    0x08003c3a   0x08003c3a   0x0000005e   Code   RO           14    i.SystemClock_Config  main.o
    0x08003c98   0x08003c98   0x00000002   Code   RO         3908    i.SystemInit        system_stm32f1xx.o
    0x08003c9a   0x08003c9a   0x00000002   PAD
    0x08003c9c   0x08003c9c   0x0000006c   Code   RO         2672    i.TIM_Base_SetConfig  stm32f1xx_hal_tim.o
    0x08003d08   0x08003d08   0x0000001a   Code   RO         2673    i.TIM_CCxChannelCmd  stm32f1xx_hal_tim.o
    0x08003d22   0x08003d22   0x00000002   PAD
    0x08003d24   0x08003d24   0x00000050   Code   RO         2685    i.TIM_OC1_SetConfig  stm32f1xx_hal_tim.o
    0x08003d74   0x08003d74   0x00000058   Code   RO         2686    i.TIM_OC2_SetConfig  stm32f1xx_hal_tim.o
    0x08003dcc   0x08003dcc   0x00000058   Code   RO         2687    i.TIM_OC3_SetConfig  stm32f1xx_hal_tim.o
    0x08003e24   0x08003e24   0x00000044   Code   RO         2688    i.TIM_OC4_SetConfig  stm32f1xx_hal_tim.o
    0x08003e68   0x08003e68   0x000000b8   Code   RO         3605    i.UART_SetConfig    stm32f1xx_hal_uart.o
    0x08003f20   0x08003f20   0x00000064   Code   RO         3608    i.UART_WaitOnFlagUntilTimeout  stm32f1xx_hal_uart.o
    0x08003f84   0x08003f84   0x0000000c   Code   RO          460    i.USB_LP_CAN1_RX0_IRQHandler  stm32f1xx_it.o
    0x08003f90   0x08003f90   0x00000002   Code   RO          461    i.UsageFault_Handler  stm32f1xx_it.o
    0x08003f92   0x08003f92   0x00000026   Code   RO         4717    i.__ARM_fpclassifyf  m_ws.l(fpclassifyf.o)
    0x08003fb8   0x08003fb8   0x00000020   Code   RO         1336    i.__NVIC_SetPriority  stm32f1xx_hal_cortex.o
    0x08003fd8   0x08003fd8   0x00000006   Code   RO         4720    i.__mathlib_flt_infnan  m_ws.l(funder.o)
    0x08003fde   0x08003fde   0x00000004   Code   RO         4721    i.__mathlib_flt_infnan2  m_ws.l(funder.o)
    0x08003fe2   0x08003fe2   0x00000008   Code   RO         4722    i.__mathlib_flt_invalid  m_ws.l(funder.o)
    0x08003fea   0x08003fea   0x0000000a   Code   RO         4725    i.__mathlib_flt_underflow  m_ws.l(funder.o)
    0x08003ff4   0x08003ff4   0x00000124   Code   RO         4674    i.asinf             m_ws.l(asinf.o)
    0x08004118   0x08004118   0x000002a4   Code   RO         4682    i.atan2f            m_ws.l(atan2f.o)
    0x080043bc   0x080043bc   0x00000128   Code   RO         4223    i.bmi088_accel_init  bmi088driver.o
    0x080044e4   0x080044e4   0x000002c0   Code   RO         4224    i.bmi088_accel_self_test  bmi088driver.o
    0x080047a4   0x080047a4   0x000000dc   Code   RO         4225    i.bmi088_gyro_init  bmi088driver.o
    0x08004880   0x08004880   0x000000ca   Code   RO         4226    i.bmi088_gyro_self_test  bmi088driver.o
    0x0800494a   0x0800494a   0x00000002   PAD
    0x0800494c   0x0800494c   0x000000f8   Code   RO         3952    i.get_angle         ins_task.o
    0x08004a44   0x08004a44   0x000000f8   Code   RO         3953    i.imu_cmd_spi_dma   ins_task.o
    0x08004b3c   0x08004b3c   0x00000034   Code   RO         4049    i.invSqrt           mahonyahrs.o
    0x08004b70   0x08004b70   0x00000002   Code   RO         4480    i.ist8310_GPIO_init  ist8310driver_middleware.o
    0x08004b72   0x08004b72   0x00000002   PAD
    0x08004b74   0x08004b74   0x0000001c   Code   RO         4481    i.ist8310_IIC_read_muli_reg  ist8310driver_middleware.o
    0x08004b90   0x08004b90   0x0000002c   Code   RO         4482    i.ist8310_IIC_read_single_reg  ist8310driver_middleware.o
    0x08004bbc   0x08004bbc   0x00000024   Code   RO         4484    i.ist8310_IIC_write_single_reg  ist8310driver_middleware.o
    0x08004be0   0x08004be0   0x00000010   Code   RO         4485    i.ist8310_RST_H     ist8310driver_middleware.o
    0x08004bf0   0x08004bf0   0x00000010   Code   RO         4486    i.ist8310_RST_L     ist8310driver_middleware.o
    0x08004c00   0x08004c00   0x00000002   Code   RO         4487    i.ist8310_com_init  ist8310driver_middleware.o
    0x08004c02   0x08004c02   0x00000004   Code   RO         4488    i.ist8310_delay_ms  ist8310driver_middleware.o
    0x08004c06   0x08004c06   0x00000030   Code   RO         4489    i.ist8310_delay_us  ist8310driver_middleware.o
    0x08004c36   0x08004c36   0x00000002   PAD
    0x08004c38   0x08004c38   0x00000078   Code   RO         4427    i.ist8310_init      ist8310driver.o
    0x08004cb0   0x08004cb0   0x00000054   Code   RO         4428    i.ist8310_mag_cal   ist8310driver.o
    0x08004d04   0x08004d04   0x0000007c   Code   RO         4429    i.ist8310_read_mag  ist8310driver.o
    0x08004d80   0x08004d80   0x0000003c   Code   RO           15    i.main              main.o
    0x08004dbc   0x08004dbc   0x000000ac   Code   RO         3954    i.send_angle_can    ins_task.o
    0x08004e68   0x08004e68   0x0000004c   Code   RO         4690    i.sqrt              m_ws.l(sqrt.o)
    0x08004eb4   0x08004eb4   0x0000002c   Code   RO         4734    i.sqrtf             m_ws.l(sqrtf.o)
    0x08004ee0   0x08004ee0   0x00000062   Code   RO         4637    x$fpl$d2f           fz_ws.l(d2f.o)
    0x08004f42   0x08004f42   0x0000009c   Code   RO         4702    x$fpl$dnaninf       fz_ws.l(dnaninf.o)
    0x08004fde   0x08004fde   0x0000000c   Code   RO         4704    x$fpl$dretinf       fz_ws.l(dretinf.o)
    0x08004fea   0x08004fea   0x00000002   PAD
    0x08004fec   0x08004fec   0x000001cc   Code   RO         4706    x$fpl$dsqrt         fz_ws.l(dsqrt_noumaal.o)
    0x080051b8   0x080051b8   0x00000056   Code   RO         4639    x$fpl$f2d           fz_ws.l(f2d.o)
    0x0800520e   0x0800520e   0x00000002   PAD
    0x08005210   0x08005210   0x000000c4   Code   RO         4641    x$fpl$fadd          fz_ws.l(faddsub_clz.o)
    0x080052d4   0x080052d4   0x0000000c   Code   RO         4708    x$fpl$fcheck1       fz_ws.l(fcheck1.o)
    0x080052e0   0x080052e0   0x00000018   Code   RO         4710    x$fpl$fcmpinf       fz_ws.l(fcmpi.o)
    0x080052f8   0x080052f8   0x00000184   Code   RO         4648    x$fpl$fdiv          fz_ws.l(fdiv.o)
    0x0800547c   0x0800547c   0x00000036   Code   RO         4651    x$fpl$ffix          fz_ws.l(ffix.o)
    0x080054b2   0x080054b2   0x00000002   PAD
    0x080054b4   0x080054b4   0x0000003e   Code   RO         4655    x$fpl$ffixu         fz_ws.l(ffixu.o)
    0x080054f2   0x080054f2   0x00000002   PAD
    0x080054f4   0x080054f4   0x00000030   Code   RO         4660    x$fpl$fflt          fz_ws.l(fflt_clz.o)
    0x08005524   0x08005524   0x00000026   Code   RO         4659    x$fpl$ffltu         fz_ws.l(fflt_clz.o)
    0x0800554a   0x0800554a   0x00000002   PAD
    0x0800554c   0x0800554c   0x00000068   Code   RO         4665    x$fpl$fleqf         fz_ws.l(fleqf.o)
    0x080055b4   0x080055b4   0x00000102   Code   RO         4667    x$fpl$fmul          fz_ws.l(fmul.o)
    0x080056b6   0x080056b6   0x0000008c   Code   RO         4712    x$fpl$fnaninf       fz_ws.l(fnaninf.o)
    0x08005742   0x08005742   0x0000000a   Code   RO         4714    x$fpl$fretinf       fz_ws.l(fretinf.o)
    0x0800574c   0x0800574c   0x00000062   Code   RO         4669    x$fpl$frleqf        fz_ws.l(frleqf.o)
    0x080057ae   0x080057ae   0x00000014   Code   RO         4642    x$fpl$frsb          fz_ws.l(faddsub_clz.o)
    0x080057c2   0x080057c2   0x00000002   PAD
    0x080057c4   0x080057c4   0x00000110   Code   RO         4763    x$fpl$fsqrt         fz_ws.l(fsqrt.o)
    0x080058d4   0x080058d4   0x000000ea   Code   RO         4643    x$fpl$fsub          fz_ws.l(faddsub_clz.o)
    0x080059be   0x080059be   0x00000064   Code   RO         4765    x$fpl$retnan        fz_ws.l(retnan.o)
    0x08005a22   0x08005a22   0x0000004c   Code   RO         4671    x$fpl$scalbnf       fz_ws.l(scalbnf.o)
    0x08005a6e   0x08005a6e   0x00000030   Code   RO         4780    x$fpl$trapveneer    fz_ws.l(trapv.o)
    0x08005a9e   0x08005a9e   0x00000000   Code   RO         4716    x$fpl$usenofp       fz_ws.l(usenofp.o)
    0x08005a9e   0x08005a9e   0x00000010   Data   RO         3909    .constdata          system_stm32f1xx.o
    0x08005aae   0x08005aae   0x00000008   Data   RO         3910    .constdata          system_stm32f1xx.o
    0x08005ab6   0x08005ab6   0x00000002   PAD
    0x08005ab8   0x08005ab8   0x0000000c   Data   RO         3956    .constdata          ins_task.o
    0x08005ac4   0x08005ac4   0x00000012   Data   RO         4232    .constdata          bmi088driver.o
    0x08005ad6   0x08005ad6   0x0000000c   Data   RO         4431    .constdata          ist8310driver.o
    0x08005ae2   0x08005ae2   0x00000002   PAD
    0x08005ae4   0x08005ae4   0x00000020   Data   RO         4908    Region$$Table       anon$$obj.o


    Execution Region RW_IRAM1 (Exec base: 0x20000000, Load base: 0x08005b04, Size: 0x000009d0, Max: 0x00005000, ABSOLUTE)

    Exec Addr    Load Addr    Size         Type   Attr      Idx    E Section Name        Object

    0x20000000   0x08005b04   0x0000000c   Data   RW          873    .data               stm32f1xx_hal.o
    0x2000000c   0x08005b10   0x00000004   Data   RW         3911    .data               system_stm32f1xx.o
    0x20000010   0x08005b14   0x0000003d   Data   RW         3957    .data               ins_task.o
    0x2000004d   0x08005b51   0x00000003   PAD
    0x20000050   0x08005b54   0x00000014   Data   RW         4050    .data               mahonyahrs.o
    0x20000064   0x08005b68   0x00000038   Data   RW         4233    .data               bmi088driver.o
    0x2000009c   0x08005ba0   0x0000000c   Data   RW         4432    .data               ist8310driver.o
    0x200000a8   0x08005bac   0x00000004   Data   RW         4597    .data               dwt.o
    0x200000ac        -       0x00000040   Zero   RW          206    .bss                can.o
    0x200000ec        -       0x00000054   Zero   RW          277    .bss                i2c.o
    0x20000140        -       0x000000e0   Zero   RW          319    .bss                spi.o
    0x20000220        -       0x00000048   Zero   RW          362    .bss                tim.o
    0x20000268        -       0x00000044   Zero   RW          409    .bss                usart.o
    0x200002ac        -       0x000000c0   Zero   RW         3955    .bss                ins_task.o
    0x2000036c        -       0x00000060   Zero   RW         4768    .bss                c_w.l(libspace.o)
    0x200003cc   0x08005bb0   0x00000004   PAD
    0x200003d0        -       0x00000200   Zero   RW            2    HEAP                startup_stm32f103xb.o
    0x200005d0        -       0x00000400   Zero   RW            1    STACK               startup_stm32f103xb.o


==============================================================================

Image component sizes


      Code (inc. data)   RO Data    RW Data    ZI Data      Debug   Object Name

      2156         44         18         56          0      10674   bmi088driver.o
       152         28          0          0          0       4536   bmi088middleware.o
       888         38          0          0          0       1666   bsp_spi.o
       296         26          0          0         64       2407   can.o
        60          4          0          0          0        798   dma.o
        40         14          0          4          0        983   dwt.o
       256         18          0          0          0       1015   gpio.o
       160         28          0          0         84       1697   i2c.o
      1626        126         12         61        192      11463   ins_task.o
       328         32         12         12          0       3269   ist8310driver.o
       196         28          0          0          0       5390   ist8310driver_middleware.o
      2292         32          0         20          0       3417   mahonyahrs.o
       158          6          0          0          0     453196   main.o
       336          0          0          0          0       2514   pid.o
       280         30          0          0        224       1915   spi.o
        64         26        236          0       1536        824   startup_stm32f103xb.o
       164         28          0         12          0       6037   stm32f1xx_hal.o
      1628          0          0          0          0      13979   stm32f1xx_hal_can.o
       198         14          0          0          0      29039   stm32f1xx_hal_cortex.o
        92          8          0          0          0       1071   stm32f1xx_hal_dma.o
       514         40          0          0          0       3551   stm32f1xx_hal_gpio.o
      2262         56          0          0          0      12974   stm32f1xx_hal_i2c.o
        60          8          0          0          0        906   stm32f1xx_hal_msp.o
      1272        100          0          0          0       5292   stm32f1xx_hal_rcc.o
       876          4          0          0          0       4785   stm32f1xx_hal_spi.o
       902         46          0          0          0       7978   stm32f1xx_hal_tim.o
       104         12          0          0          0       1360   stm32f1xx_hal_tim_ex.o
       560          6          0          0          0       4028   stm32f1xx_hal_uart.o
        58          6          0          0          0       6303   stm32f1xx_it.o
         2          0         24          4          0       1167   system_stm32f1xx.o
       228         32          0          0         72       2307   tim.o
       168         20          0          0         68       1742   usart.o

    ----------------------------------------------------------------------
     18416        860        338        172       2240     608283   Object Totals
         0          0         32          0          0          0   (incl. Generated)
        40          0          4          3          0          0   (incl. Padding)

    ----------------------------------------------------------------------

      Code (inc. data)   RO Data    RW Data    ZI Data      Debug   Library Member Name

         8          0          0          0          0         68   __main.o
         0          0          0          0          0          0   __rtentry.o
        12          0          0          0          0          0   __rtentry2.o
         6          0          0          0          0          0   __rtentry4.o
        52          8          0          0          0          0   __scatter.o
        26          0          0          0          0          0   __scatter_copy.o
        28          0          0          0          0          0   __scatter_zi.o
        22          0          0          0          0        100   _rserrno.o
        18          0          0          0          0         80   exit.o
         6          0          0          0          0        152   heapauxi.o
         0          0          0          0          0          0   indicate_semi.o
         2          0          0          0          0          0   libinit.o
         2          0          0          0          0          0   libinit2.o
         2          0          0          0          0          0   libshutdown.o
         2          0          0          0          0          0   libshutdown2.o
         8          4          0          0         96         68   libspace.o
         8          4          0          0          0         68   rt_errno_addr_intlibspace.o
        78          0          0          0          0         80   rt_memclr_w.o
         2          0          0          0          0          0   rtexit.o
        10          0          0          0          0          0   rtexit2.o
        12          4          0          0          0         68   sys_exit.o
        74          0          0          0          0         80   sys_stackheap_outer.o
         2          0          0          0          0         68   use_no_semi.o
        98          4          0          0          0         92   d2f.o
       156          4          0          0          0         92   dnaninf.o
        12          0          0          0          0         68   dretinf.o
       460         56          0          0          0        120   dsqrt_noumaal.o
        86          4          0          0          0         84   f2d.o
       450          8          0          0          0        236   faddsub_clz.o
        12          4          0          0          0         68   fcheck1.o
        24          0          0          0          0         68   fcmpi.o
       388         76          0          0          0         96   fdiv.o
        54          4          0          0          0         84   ffix.o
        62          4          0          0          0         84   ffixu.o
        86          0          0          0          0        136   fflt_clz.o
       104          4          0          0          0         84   fleqf.o
       258          4          0          0          0         84   fmul.o
       140          4          0          0          0         84   fnaninf.o
        10          0          0          0          0         68   fretinf.o
        98          0          0          0          0         68   frleqf.o
       272        100          0          0          0         88   fsqrt.o
       100          0          0          0          0         68   retnan.o
        76          0          0          0          0         68   scalbnf.o
        48          0          0          0          0         68   trapv.o
         0          0          0          0          0          0   usenofp.o
       292         38          0          0          0        120   asinf.o
       676         78          0          0          0        116   atan2f.o
        38          0          0          0          0         68   fpclassifyf.o
        28          0          0          0          0        272   funder.o
        76          0          0          0          0         84   sqrt.o
        44          0          0          0          0         80   sqrtf.o

    ----------------------------------------------------------------------
      4546        412          0          0        100       3480   Library Totals
        18          0          0          0          4          0   (incl. Padding)

    ----------------------------------------------------------------------

      Code (inc. data)   RO Data    RW Data    ZI Data      Debug   Library Name

       380         20          0          0         96        832   c_w.l
      2994        276          0          0          0       1908   fz_ws.l
      1154        116          0          0          0        740   m_ws.l

    ----------------------------------------------------------------------
      4546        412          0          0        100       3480   Library Totals

    ----------------------------------------------------------------------

==============================================================================


      Code (inc. data)   RO Data    RW Data    ZI Data      Debug   

     22962       1272        338        172       2340     602087   Grand Totals
     22962       1272        338        172       2340     602087   ELF Image Totals
     22962       1272        338        172          0          0   ROM Totals

==============================================================================

    Total RO  Size (Code + RO Data)                23300 (  22.75kB)
    Total RW  Size (RW Data + ZI Data)              2512 (   2.45kB)
    Total ROM Size (Code + RO Data + RW Data)      23472 (  22.92kB)

==============================================================================

